Archive member included to satisfy reference by file (symbol)

d:/app/st/stm32cubeide/stm32cubeide/plugins/com.st.stm32cube.ide.mcu.externaltools.gnu-tools-for-stm32.10.3-2021.10.win32_1.0.0.202111181127/tools/bin/../lib/gcc/arm-none-eabi/10.3.1/../../../../arm-none-eabi/lib/thumb/v7e-m+dp/hard\libc_nano.a(lib_a-errno.o)
                              ./Core/Src/syscalls.o (__errno)
d:/app/st/stm32cubeide/stm32cubeide/plugins/com.st.stm32cube.ide.mcu.externaltools.gnu-tools-for-stm32.10.3-2021.10.win32_1.0.0.202111181127/tools/bin/../lib/gcc/arm-none-eabi/10.3.1/../../../../arm-none-eabi/lib/thumb/v7e-m+dp/hard\libc_nano.a(lib_a-exit.o)
                              d:/app/st/stm32cubeide/stm32cubeide/plugins/com.st.stm32cube.ide.mcu.externaltools.gnu-tools-for-stm32.10.3-2021.10.win32_1.0.0.202111181127/tools/bin/../lib/gcc/arm-none-eabi/10.3.1/../../../../arm-none-eabi/lib/thumb/v7e-m+dp/hard/crt0.o (exit)
d:/app/st/stm32cubeide/stm32cubeide/plugins/com.st.stm32cube.ide.mcu.externaltools.gnu-tools-for-stm32.10.3-2021.10.win32_1.0.0.202111181127/tools/bin/../lib/gcc/arm-none-eabi/10.3.1/../../../../arm-none-eabi/lib/thumb/v7e-m+dp/hard\libc_nano.a(lib_a-impure.o)
                              d:/app/st/stm32cubeide/stm32cubeide/plugins/com.st.stm32cube.ide.mcu.externaltools.gnu-tools-for-stm32.10.3-2021.10.win32_1.0.0.202111181127/tools/bin/../lib/gcc/arm-none-eabi/10.3.1/../../../../arm-none-eabi/lib/thumb/v7e-m+dp/hard\libc_nano.a(lib_a-exit.o) (_global_impure_ptr)
d:/app/st/stm32cubeide/stm32cubeide/plugins/com.st.stm32cube.ide.mcu.externaltools.gnu-tools-for-stm32.10.3-2021.10.win32_1.0.0.202111181127/tools/bin/../lib/gcc/arm-none-eabi/10.3.1/../../../../arm-none-eabi/lib/thumb/v7e-m+dp/hard\libc_nano.a(lib_a-init.o)
                              d:/app/st/stm32cubeide/stm32cubeide/plugins/com.st.stm32cube.ide.mcu.externaltools.gnu-tools-for-stm32.10.3-2021.10.win32_1.0.0.202111181127/tools/bin/../lib/gcc/arm-none-eabi/10.3.1/../../../../arm-none-eabi/lib/thumb/v7e-m+dp/hard/crt0.o (__libc_init_array)
d:/app/st/stm32cubeide/stm32cubeide/plugins/com.st.stm32cube.ide.mcu.externaltools.gnu-tools-for-stm32.10.3-2021.10.win32_1.0.0.202111181127/tools/bin/../lib/gcc/arm-none-eabi/10.3.1/../../../../arm-none-eabi/lib/thumb/v7e-m+dp/hard\libc_nano.a(lib_a-memset.o)
                              d:/app/st/stm32cubeide/stm32cubeide/plugins/com.st.stm32cube.ide.mcu.externaltools.gnu-tools-for-stm32.10.3-2021.10.win32_1.0.0.202111181127/tools/bin/../lib/gcc/arm-none-eabi/10.3.1/../../../../arm-none-eabi/lib/thumb/v7e-m+dp/hard/crt0.o (memset)
d:/app/st/stm32cubeide/stm32cubeide/plugins/com.st.stm32cube.ide.mcu.externaltools.gnu-tools-for-stm32.10.3-2021.10.win32_1.0.0.202111181127/tools/bin/../lib/gcc/arm-none-eabi/10.3.1/../../../../arm-none-eabi/lib/thumb/v7e-m+dp/hard\libc_nano.a(lib_a-printf.o)
                              ./Core/Src/main.o (printf)
d:/app/st/stm32cubeide/stm32cubeide/plugins/com.st.stm32cube.ide.mcu.externaltools.gnu-tools-for-stm32.10.3-2021.10.win32_1.0.0.202111181127/tools/bin/../lib/gcc/arm-none-eabi/10.3.1/../../../../arm-none-eabi/lib/thumb/v7e-m+dp/hard\libc_nano.a(lib_a-sprintf.o)
                              ./Drivers/LCD_ST7735/Src/lcd.o (sprintf)
d:/app/st/stm32cubeide/stm32cubeide/plugins/com.st.stm32cube.ide.mcu.externaltools.gnu-tools-for-stm32.10.3-2021.10.win32_1.0.0.202111181127/tools/bin/../lib/gcc/arm-none-eabi/10.3.1/../../../../arm-none-eabi/lib/thumb/v7e-m+dp/hard\libc_nano.a(lib_a-findfp.o)
                              d:/app/st/stm32cubeide/stm32cubeide/plugins/com.st.stm32cube.ide.mcu.externaltools.gnu-tools-for-stm32.10.3-2021.10.win32_1.0.0.202111181127/tools/bin/../lib/gcc/arm-none-eabi/10.3.1/../../../../arm-none-eabi/lib/thumb/v7e-m+dp/hard\libc_nano.a(lib_a-printf.o) (__sinit)
d:/app/st/stm32cubeide/stm32cubeide/plugins/com.st.stm32cube.ide.mcu.externaltools.gnu-tools-for-stm32.10.3-2021.10.win32_1.0.0.202111181127/tools/bin/../lib/gcc/arm-none-eabi/10.3.1/../../../../arm-none-eabi/lib/thumb/v7e-m+dp/hard\libc_nano.a(lib_a-fwalk.o)
                              d:/app/st/stm32cubeide/stm32cubeide/plugins/com.st.stm32cube.ide.mcu.externaltools.gnu-tools-for-stm32.10.3-2021.10.win32_1.0.0.202111181127/tools/bin/../lib/gcc/arm-none-eabi/10.3.1/../../../../arm-none-eabi/lib/thumb/v7e-m+dp/hard\libc_nano.a(lib_a-findfp.o) (_fwalk)
d:/app/st/stm32cubeide/stm32cubeide/plugins/com.st.stm32cube.ide.mcu.externaltools.gnu-tools-for-stm32.10.3-2021.10.win32_1.0.0.202111181127/tools/bin/../lib/gcc/arm-none-eabi/10.3.1/../../../../arm-none-eabi/lib/thumb/v7e-m+dp/hard\libc_nano.a(lib_a-lock.o)
                              d:/app/st/stm32cubeide/stm32cubeide/plugins/com.st.stm32cube.ide.mcu.externaltools.gnu-tools-for-stm32.10.3-2021.10.win32_1.0.0.202111181127/tools/bin/../lib/gcc/arm-none-eabi/10.3.1/../../../../arm-none-eabi/lib/thumb/v7e-m+dp/hard\libc_nano.a(lib_a-findfp.o) (__retarget_lock_init_recursive)
[...]
Memory Configuration

Name             Origin             Length             Attributes
FLASH            0x0000000008000000 0x0000000000020000 xr
DTCMRAM          0x0000000020000000 0x0000000000020000 xrw
RAM_D1           0x0000000024000000 0x0000000000080000 xrw
RAM_D2           0x0000000030000000 0x0000000000048000 xrw
RAM_D3           0x0000000038000000 0x0000000000010000 xrw
ITCMRAM          0x0000000000000000 0x0000000000010000 xrw
*default*        0x0000000000000000 0xffffffffffffffff

Linker script and memory map

LOAD d:/app/st/stm32cubeide/stm32cubeide/plugins/com.st.stm32cube.ide.mcu.externaltools.gnu-tools-for-stm32.10.3-2021.10.win32_1.0.0.202111181127/tools/bin/../lib/gcc/arm-none-eabi/10.3.1/thumb/v7e-m+dp/hard/crti.o
LOAD d:/app/st/stm32cubeide/stm32cubeide/plugins/com.st.stm32cube.ide.mcu.externaltools.gnu-tools-for-stm32.10.3-2021.10.win32_1.0.0.202111181127/tools/bin/../lib/gcc/arm-none-eabi/10.3.1/thumb/v7e-m+dp/hard/crtbegin.o
LOAD d:/app/st/stm32cubeide/stm32cubeide/plugins/com.st.stm32cube.ide.mcu.externaltools.gnu-tools-for-stm32.10.3-2021.10.win32_1.0.0.202111181127/tools/bin/../lib/gcc/arm-none-eabi/10.3.1/../../../../arm-none-eabi/lib/thumb/v7e-m+dp/hard/crt0.o
LOAD ./Core/Src/dma.o
LOAD ./Core/Src/gpio.o
LOAD ./Core/Src/i2s.o
LOAD ./Core/Src/main.o
LOAD ./Core/Src/spi.o
LOAD ./Core/Src/stm32h7xx_hal_msp.o
LOAD ./Core/Src/stm32h7xx_it.o
LOAD ./Core/Src/syscalls.o
LOAD ./Core/Src/sysmem.o
LOAD ./Core/Src/system_stm32h7xx.o
LOAD ./Core/Src/tim.o
LOAD ./Core/Src/usart.o
LOAD ./Core/Startup/startup_stm32h750vbtx.o
LOAD ./Drivers/LCD_ST7735/Src/lcd.o
LOAD ./Drivers/LCD_ST7735/Src/logo_128_160.o
LOAD ./Drivers/LCD_ST7735/Src/logo_160_80.o
LOAD ./Drivers/LCD_ST7735/Src/st7735.o
LOAD ./Drivers/LCD_ST7735/Src/st7735_reg.o
LOAD ./Drivers/STM32H7xx_HAL_Driver/Src/stm32h7xx_hal.o
LOAD ./Drivers/STM32H7xx_HAL_Driver/Src/stm32h7xx_hal_cortex.o
LOAD ./Drivers/STM32H7xx_HAL_Driver/Src/stm32h7xx_hal_dma.o
LOAD ./Drivers/STM32H7xx_HAL_Driver/Src/stm32h7xx_hal_dma_ex.o
LOAD ./Drivers/STM32H7xx_HAL_Driver/Src/stm32h7xx_hal_exti.o
LOAD ./Drivers/STM32H7xx_HAL_Driver/Src/stm32h7xx_hal_flash.o
LOAD ./Drivers/STM32H7xx_HAL_Driver/Src/stm32h7xx_hal_flash_ex.o
LOAD ./Drivers/STM32H7xx_HAL_Driver/Src/stm32h7xx_hal_gpio.o
LOAD ./Drivers/STM32H7xx_HAL_Driver/Src/stm32h7xx_hal_hsem.o
LOAD ./Drivers/STM32H7xx_HAL_Driver/Src/stm32h7xx_hal_i2c.o
LOAD ./Drivers/STM32H7xx_HAL_Driver/Src/stm32h7xx_hal_i2c_ex.o
LOAD ./Drivers/STM32H7xx_HAL_Driver/Src/stm32h7xx_hal_i2s.o
LOAD ./Drivers/STM32H7xx_HAL_Driver/Src/stm32h7xx_hal_i2s_ex.o
LOAD ./Drivers/STM32H7xx_HAL_Driver/Src/stm32h7xx_hal_mdma.o
LOAD ./Drivers/STM32H7xx_HAL_Driver/Src/stm32h7xx_hal_pwr.o
LOAD ./Drivers/STM32H7xx_HAL_Driver/Src/stm32h7xx_hal_pwr_ex.o
LOAD ./Drivers/STM32H7xx_HAL_Driver/Src/stm32h7xx_hal_rcc.o
LOAD ./Drivers/STM32H7xx_HAL_Driver/Src/stm32h7xx_hal_rcc_ex.o
LOAD ./Drivers/STM32H7xx_HAL_Driver/Src/stm32h7xx_hal_spi.o
LOAD ./Drivers/STM32H7xx_HAL_Driver/Src/stm32h7xx_hal_spi_ex.o
LOAD ./Drivers/STM32H7xx_HAL_Driver/Src/stm32h7xx_hal_tim.o
LOAD ./Drivers/STM32H7xx_HAL_Driver/Src/stm32h7xx_hal_tim_ex.o
LOAD ./Drivers/STM32H7xx_HAL_Driver/Src/stm32h7xx_hal_uart.o
LOAD ./Drivers/STM32H7xx_HAL_Driver/Src/stm32h7xx_hal_uart_ex.o
START GROUP
LOAD d:/app/st/stm32cubeide/stm32cubeide/plugins/com.st.stm32cube.ide.mcu.externaltools.gnu-tools-for-stm32.10.3-2021.10.win32_1.0.0.202111181127/tools/bin/../lib/gcc/arm-none-eabi/10.3.1/../../../../arm-none-eabi/lib/thumb/v7e-m+dp/hard\libstdc++_nano.a
LOAD d:/app/st/stm32cubeide/stm32cubeide/plugins/com.st.stm32cube.ide.mcu.externaltools.gnu-tools-for-stm32.10.3-2021.10.win32_1.0.0.202111181127/tools/bin/../lib/gcc/arm-none-eabi/10.3.1/../../../../arm-none-eabi/lib/thumb/v7e-m+dp/hard\libsupc++_nano.a
END GROUP
LOAD d:/app/st/stm32cubeide/stm32cubeide/plugins/com.st.stm32cube.ide.mcu.externaltools.gnu-tools-for-stm32.10.3-2021.10.win32_1.0.0.202111181127/tools/bin/../lib/gcc/arm-none-eabi/10.3.1/../../../../arm-none-eabi/lib/thumb/v7e-m+dp/hard\libstdc++_nano.a
LOAD d:/app/st/stm32cubeide/stm32cubeide/plugins/com.st.stm32cube.ide.mcu.externaltools.gnu-tools-for-stm32.10.3-2021.10.win32_1.0.0.202111181127/tools/bin/../lib/gcc/arm-none-eabi/10.3.1/../../../../arm-none-eabi/lib/thumb/v7e-m+dp/hard\libm.a
LOAD d:/app/st/stm32cubeide/stm32cubeide/plugins/com.st.stm32cube.ide.mcu.externaltools.gnu-tools-for-stm32.10.3-2021.10.win32_1.0.0.202111181127/tools/bin/../lib/gcc/arm-none-eabi/10.3.1/../../../../arm-none-eabi/lib/thumb/v7e-m+dp/hard\libc_nano.a
START GROUP
LOAD d:/app/st/stm32cubeide/stm32cubeide/plugins/com.st.stm32cube.ide.mcu.externaltools.gnu-tools-for-stm32.10.3-2021.10.win32_1.0.0.202111181127/tools/bin/../lib/gcc/arm-none-eabi/10.3.1/thumb/v7e-m+dp/hard\libgcc.a
LOAD d:/app/st/stm32cubeide/stm32cubeide/plugins/com.st.stm32cube.ide.mcu.externaltools.gnu-tools-for-stm32.10.3-2021.10.win32_1.0.0.202111181127/tools/bin/../lib/gcc/arm-none-eabi/10.3.1/../../../../arm-none-eabi/lib/thumb/v7e-m+dp/hard\libc_nano.a
END GROUP
START GROUP
LOAD d:/app/st/stm32cubeide/stm32cubeide/plugins/com.st.stm32cube.ide.mcu.externaltools.gnu-tools-for-stm32.10.3-2021.10.win32_1.0.0.202111181127/tools/bin/../lib/gcc/arm-none-eabi/10.3.1/thumb/v7e-m+dp/hard\libgcc.a
LOAD d:/app/st/stm32cubeide/stm32cubeide/plugins/com.st.stm32cube.ide.mcu.externaltools.gnu-tools-for-stm32.10.3-2021.10.win32_1.0.0.202111181127/tools/bin/../lib/gcc/arm-none-eabi/10.3.1/../../../../arm-none-eabi/lib/thumb/v7e-m+dp/hard\libc_nano.a
LOAD d:/app/st/stm32cubeide/stm32cubeide/plugins/com.st.stm32cube.ide.mcu.externaltools.gnu-tools-for-stm32.10.3-2021.10.win32_1.0.0.202111181127/tools/bin/../lib/gcc/arm-none-eabi/10.3.1/../../../../arm-none-eabi/lib/thumb/v7e-m+dp/hard\libnosys.a
END GROUP
START GROUP
LOAD d:/app/st/stm32cubeide/stm32cubeide/plugins/com.st.stm32cube.ide.mcu.externaltools.gnu-tools-for-stm32.10.3-2021.10.win32_1.0.0.202111181127/tools/bin/../lib/gcc/arm-none-eabi/10.3.1/thumb/v7e-m+dp/hard\libgcc.a
LOAD d:/app/st/stm32cubeide/stm32cubeide/plugins/com.st.stm32cube.ide.mcu.externaltools.gnu-tools-for-stm32.10.3-2021.10.win32_1.0.0.202111181127/tools/bin/../lib/gcc/arm-none-eabi/10.3.1/../../../../arm-none-eabi/lib/thumb/v7e-m+dp/hard\libc_nano.a
LOAD d:/app/st/stm32cubeide/stm32cubeide/plugins/com.st.stm32cube.ide.mcu.externaltools.gnu-tools-for-stm32.10.3-2021.10.win32_1.0.0.202111181127/tools/bin/../lib/gcc/arm-none-eabi/10.3.1/../../../../arm-none-eabi/lib/thumb/v7e-m+dp/hard\libnosys.a
END GROUP
LOAD d:/app/st/stm32cubeide/stm32cubeide/plugins/com.st.stm32cube.ide.mcu.externaltools.gnu-tools-for-stm32.10.3-2021.10.win32_1.0.0.202111181127/tools/bin/../lib/gcc/arm-none-eabi/10.3.1/thumb/v7e-m+dp/hard/crtend.o
LOAD d:/app/st/stm32cubeide/stm32cubeide/plugins/com.st.stm32cube.ide.mcu.externaltools.gnu-tools-for-stm32.10.3-2021.10.win32_1.0.0.202111181127/tools/bin/../lib/gcc/arm-none-eabi/10.3.1/thumb/v7e-m+dp/hard/crtn.o
                0x0000000024080000                _estack = (ORIGIN (RAM_D1) + LENGTH (RAM_D1))
                0x0000000000000200                _Min_Heap_Size = 0x200
                0x0000000000000400                _Min_Stack_Size = 0x400

.isr_vector     0x0000000008000000      0x298
                0x0000000008000000                . = ALIGN (0x4)
 *(.isr_vector)
 .isr_vector    0x0000000008000000      0x298 ./Core/Startup/startup_stm32h750vbtx.o
                0x0000000008000000                g_pfnVectors
                0x0000000008000298                . = ALIGN (0x4)

.text           0x00000000080002a0     0xe80c
                0x00000000080002a0                . = ALIGN (0x4)
 *(.text)
 .text          0x00000000080002a0       0x40 d:/app/st/stm32cubeide/stm32cubeide/plugins/com.st.stm32cube.ide.mcu.externaltools.gnu-tools-for-stm32.10.3-2021.10.win32_1.0.0.202111181127/tools/bin/../lib/gcc/arm-none-eabi/10.3.1/thumb/v7e-m+dp/hard/crtbegin.o
 .text          0x00000000080002e0       0xa0 d:/app/st/stm32cubeide/stm32cubeide/plugins/com.st.stm32cube.ide.mcu.externaltools.gnu-tools-for-stm32.10.3-2021.10.win32_1.0.0.202111181127/tools/bin/../lib/gcc/arm-none-eabi/10.3.1/../../../../arm-none-eabi/lib/thumb/v7e-m+dp/hard\libc_nano.a(lib_a-memchr.o)
                0x00000000080002e0                memchr
 .text          0x0000000008000380       0x30 d:/app/st/stm32cubeide/stm32cubeide/plugins/com.st.stm32cube.ide.mcu.externaltools.gnu-tools-for-stm32.10.3-2021.10.win32_1.0.0.202111181127/tools/bin/../lib/gcc/arm-none-eabi/10.3.1/thumb/v7e-m+dp/hard\libgcc.a(_aeabi_uldivmod.o)
                0x0000000008000380                __aeabi_uldivmod
 .text          0x00000000080003b0      0x2d0 d:/app/st/stm32cubeide/stm32cubeide/plugins/com.st.stm32cube.ide.mcu.externaltools.gnu-tools-for-stm32.10.3-2021.10.win32_1.0.0.202111181127/tools/bin/../lib/gcc/arm-none-eabi/10.3.1/thumb/v7e-m+dp/hard\libgcc.a(_udivmoddi4.o)
                0x00000000080003b0                __udivmoddi4
 .text          0x0000000008000680        0x4 d:/app/st/stm32cubeide/stm32cubeide/plugins/com.st.stm32cube.ide.mcu.externaltools.gnu-tools-for-stm32.10.3-2021.10.win32_1.0.0.202111181127/tools/bin/../lib/gcc/arm-none-eabi/10.3.1/thumb/v7e-m+dp/hard\libgcc.a(_dvmd_tls.o)
                0x0000000008000680                __aeabi_idiv0
                0x0000000008000680                __aeabi_ldiv0
 *(.text*)
 .text.MX_DMA_Init
                0x0000000008000684       0x60 ./Core/Src/dma.o
                0x0000000008000684                MX_DMA_Init
 .text.MX_GPIO_Init
                0x00000000080006e4      0x174 ./Core/Src/gpio.o
                0x00000000080006e4                MX_GPIO_Init
 .text.MX_I2S1_Init
                0x0000000008000858       0x68 ./Core/Src/i2s.o
                0x0000000008000858                MX_I2S1_Init
 .text.MX_I2S2_Init
                0x00000000080008c0       0x68 ./Core/Src/i2s.o
                0x00000000080008c0                MX_I2S2_Init
 .text.MX_I2S3_Init
                0x0000000008000928       0x68 ./Core/Src/i2s.o
                0x0000000008000928                MX_I2S3_Init
 .text.HAL_I2S_MspInit
                0x0000000008000990      0x3ec ./Core/Src/i2s.o
                0x0000000008000990                HAL_I2S_MspInit
 .text.__io_putchar
                0x0000000008000d7c       0x24 ./Core/Src/main.o
                0x0000000008000d7c                __io_putchar
 .text.HAL_I2S_RxCpltCallback
                0x0000000008000da0      0x250 ./Core/Src/main.o
                0x0000000008000da0                HAL_I2S_RxCpltCallback
 .text.Servo_con
                0x0000000008000ff0       0x88 ./Core/Src/main.o
                0x0000000008000ff0                Servo_con
 .text.main     0x0000000008001078       0xc0 ./Core/Src/main.o
                0x0000000008001078                main
 .text.SystemClock_Config
                0x0000000008001138      0x174 ./Core/Src/main.o
                0x0000000008001138                SystemClock_Config
 .text.PeriphCommonClock_Config
                0x00000000080012ac       0x58 ./Core/Src/main.o
                0x00000000080012ac                PeriphCommonClock_Config
 .text.Error_Handler
                0x0000000008001304        0xa ./Core/Src/main.o
                0x0000000008001304                Error_Handler
 *fill*         0x000000000800130e        0x2 
 .text.MX_SPI4_Init
                0x0000000008001310       0xb0 ./Core/Src/spi.o
                0x0000000008001310                MX_SPI4_Init
 .text.HAL_SPI_MspInit
                0x00000000080013c0       0xcc ./Core/Src/spi.o
                0x00000000080013c0                HAL_SPI_MspInit
 .text.HAL_MspInit
                0x000000000800148c       0x38 ./Core/Src/stm32h7xx_hal_msp.o
                0x000000000800148c                HAL_MspInit
 .text.NMI_Handler
                0x00000000080014c4        0x6 ./Core/Src/stm32h7xx_it.o
                0x00000000080014c4                NMI_Handler
 .text.HardFault_Handler
                0x00000000080014ca        0x6 ./Core/Src/stm32h7xx_it.o
                0x00000000080014ca                HardFault_Handler
 .text.MemManage_Handler
                0x00000000080014d0        0x6 ./Core/Src/stm32h7xx_it.o
                0x00000000080014d0                MemManage_Handler
 .text.BusFault_Handler
                0x00000000080014d6        0x6 ./Core/Src/stm32h7xx_it.o
                0x00000000080014d6                BusFault_Handler
 .text.UsageFault_Handler
                0x00000000080014dc        0x6 ./Core/Src/stm32h7xx_it.o
                0x00000000080014dc                UsageFault_Handler
 .text.SVC_Handler
                0x00000000080014e2        0xe ./Core/Src/stm32h7xx_it.o
                0x00000000080014e2                SVC_Handler
 .text.DebugMon_Handler
                0x00000000080014f0        0xe ./Core/Src/stm32h7xx_it.o
                0x00000000080014f0                DebugMon_Handler
 .text.PendSV_Handler
                0x00000000080014fe        0xe ./Core/Src/stm32h7xx_it.o
                0x00000000080014fe                PendSV_Handler
 .text.SysTick_Handler
                0x000000000800150c        0xc ./Core/Src/stm32h7xx_it.o
                0x000000000800150c                SysTick_Handler
 .text.DMA1_Stream0_IRQHandler
                0x0000000008001518       0x14 ./Core/Src/stm32h7xx_it.o
                0x0000000008001518                DMA1_Stream0_IRQHandler
 .text.DMA1_Stream1_IRQHandler
                0x000000000800152c       0x14 ./Core/Src/stm32h7xx_it.o
                0x000000000800152c                DMA1_Stream1_IRQHandler
 .text.DMA1_Stream2_IRQHandler
                0x0000000008001540       0x14 ./Core/Src/stm32h7xx_it.o
                0x0000000008001540                DMA1_Stream2_IRQHandler
 .text.SPI1_IRQHandler
                0x0000000008001554       0x14 ./Core/Src/stm32h7xx_it.o
                0x0000000008001554                SPI1_IRQHandler
 .text.SPI2_IRQHandler
                0x0000000008001568       0x14 ./Core/Src/stm32h7xx_it.o
                0x0000000008001568                SPI2_IRQHandler
 .text.SPI3_IRQHandler
                0x000000000800157c       0x14 ./Core/Src/stm32h7xx_it.o
                0x000000000800157c                SPI3_IRQHandler
 .text._read    0x0000000008001590       0x3a ./Core/Src/syscalls.o
                0x0000000008001590                _read
 .text._write   0x00000000080015ca       0x38 ./Core/Src/syscalls.o
                0x00000000080015ca                _write
 .text._close   0x0000000008001602       0x18 ./Core/Src/syscalls.o
                0x0000000008001602                _close
 .text._fstat   0x000000000800161a       0x20 ./Core/Src/syscalls.o
                0x000000000800161a                _fstat
 .text._isatty  0x000000000800163a       0x16 ./Core/Src/syscalls.o
                0x000000000800163a                _isatty
 .text._lseek   0x0000000008001650       0x1a ./Core/Src/syscalls.o
                0x0000000008001650                _lseek
 *fill*         0x000000000800166a        0x2 
 .text._sbrk    0x000000000800166c       0x6c ./Core/Src/sysmem.o
                0x000000000800166c                _sbrk
 .text.SystemInit
                0x00000000080016d8      0x110 ./Core/Src/system_stm32h7xx.o
                0x00000000080016d8                SystemInit
 .text.MX_TIM1_Init
                0x00000000080017e8      0x158 ./Core/Src/tim.o
                0x00000000080017e8                MX_TIM1_Init
 .text.MX_TIM3_Init
                0x0000000008001940       0xf0 ./Core/Src/tim.o
                0x0000000008001940                MX_TIM3_Init
 .text.HAL_TIM_Base_MspInit
                0x0000000008001a30       0x74 ./Core/Src/tim.o
                0x0000000008001a30                HAL_TIM_Base_MspInit
 .text.HAL_TIM_MspPostInit
                0x0000000008001aa4       0xc8 ./Core/Src/tim.o
                0x0000000008001aa4                HAL_TIM_MspPostInit
 .text.MX_UART4_Init
                0x0000000008001b6c       0x98 ./Core/Src/usart.o
                0x0000000008001b6c                MX_UART4_Init
 .text.HAL_UART_MspInit
                0x0000000008001c04       0xc8 ./Core/Src/usart.o
                0x0000000008001c04                HAL_UART_MspInit
 .text.Reset_Handler
                0x0000000008001ccc       0x50 ./Core/Startup/startup_stm32h750vbtx.o
                0x0000000008001ccc                Reset_Handler
 .text.Default_Handler
                0x0000000008001d1c        0x2 ./Core/Startup/startup_stm32h750vbtx.o
                0x0000000008001d1c                RTC_Alarm_IRQHandler
                0x0000000008001d1c                HASH_RNG_IRQHandler
                0x0000000008001d1c                EXTI2_IRQHandler
                0x0000000008001d1c                TIM8_CC_IRQHandler
                0x0000000008001d1c                HRTIM1_Master_IRQHandler
                0x0000000008001d1c                UART8_IRQHandler
                0x0000000008001d1c                SPI4_IRQHandler
                0x0000000008001d1c                TIM1_CC_IRQHandler
                0x0000000008001d1c                BDMA_Channel6_IRQHandler
                0x0000000008001d1c                DMA2_Stream5_IRQHandler
                0x0000000008001d1c                HRTIM1_FLT_IRQHandler
                0x0000000008001d1c                JPEG_IRQHandler
                0x0000000008001d1c                DMA1_Stream5_IRQHandler
                0x0000000008001d1c                BDMA_Channel1_IRQHandler
                0x0000000008001d1c                HRTIM1_TIMD_IRQHandler
                0x0000000008001d1c                TAMP_STAMP_IRQHandler
                0x0000000008001d1c                EXTI3_IRQHandler
                0x0000000008001d1c                LPTIM4_IRQHandler
                0x0000000008001d1c                TIM8_TRG_COM_TIM14_IRQHandler
                0x0000000008001d1c                LPTIM2_IRQHandler
                0x0000000008001d1c                DFSDM1_FLT1_IRQHandler
                0x0000000008001d1c                DMAMUX2_OVR_IRQHandler
                0x0000000008001d1c                TIM8_UP_TIM13_IRQHandler
                0x0000000008001d1c                I2C3_ER_IRQHandler
                0x0000000008001d1c                DFSDM1_FLT2_IRQHandler
                0x0000000008001d1c                MDMA_IRQHandler
                0x0000000008001d1c                LPTIM3_IRQHandler
                0x0000000008001d1c                HSEM1_IRQHandler
                0x0000000008001d1c                EXTI0_IRQHandler
                0x0000000008001d1c                I2C2_EV_IRQHandler
                0x0000000008001d1c                FPU_IRQHandler
                0x0000000008001d1c                OTG_HS_WKUP_IRQHandler
                0x0000000008001d1c                FDCAN1_IT1_IRQHandler
                0x0000000008001d1c                LTDC_ER_IRQHandler
                0x0000000008001d1c                DMA2_Stream2_IRQHandler
                0x0000000008001d1c                HRTIM1_TIME_IRQHandler
                0x0000000008001d1c                TIM6_DAC_IRQHandler
                0x0000000008001d1c                DCMI_IRQHandler
                0x0000000008001d1c                HRTIM1_TIMC_IRQHandler
                0x0000000008001d1c                DMA2_Stream3_IRQHandler
                0x0000000008001d1c                SAI2_IRQHandler
                0x0000000008001d1c                DFSDM1_FLT3_IRQHandler
                0x0000000008001d1c                USART6_IRQHandler
                0x0000000008001d1c                TIM17_IRQHandler
                0x0000000008001d1c                USART3_IRQHandler
                0x0000000008001d1c                BDMA_Channel7_IRQHandler
                0x0000000008001d1c                CRYP_IRQHandler
                0x0000000008001d1c                LPTIM5_IRQHandler
                0x0000000008001d1c                UART5_IRQHandler
                0x0000000008001d1c                ADC3_IRQHandler
                0x0000000008001d1c                DMA2_Stream0_IRQHandler
                0x0000000008001d1c                TIM4_IRQHandler
                0x0000000008001d1c                BDMA_Channel2_IRQHandler
                0x0000000008001d1c                QUADSPI_IRQHandler
                0x0000000008001d1c                I2C1_EV_IRQHandler
                0x0000000008001d1c                DMA1_Stream6_IRQHandler
                0x0000000008001d1c                DMAMUX1_OVR_IRQHandler
                0x0000000008001d1c                TIM16_IRQHandler
                0x0000000008001d1c                UART4_IRQHandler
                0x0000000008001d1c                BDMA_Channel5_IRQHandler
                0x0000000008001d1c                TIM3_IRQHandler
                0x0000000008001d1c                RCC_IRQHandler
                0x0000000008001d1c                TIM8_BRK_TIM12_IRQHandler
                0x0000000008001d1c                TIM1_TRG_COM_IRQHandler
                0x0000000008001d1c                Default_Handler
                0x0000000008001d1c                ECC_IRQHandler
                0x0000000008001d1c                CEC_IRQHandler
                0x0000000008001d1c                EXTI15_10_IRQHandler
                0x0000000008001d1c                BDMA_Channel0_IRQHandler
                0x0000000008001d1c                ADC_IRQHandler
                0x0000000008001d1c                DMA1_Stream7_IRQHandler
                0x0000000008001d1c                HRTIM1_TIMA_IRQHandler
                0x0000000008001d1c                SPI5_IRQHandler
                0x0000000008001d1c                TIM7_IRQHandler
                0x0000000008001d1c                SDMMC1_IRQHandler
                0x0000000008001d1c                TIM5_IRQHandler
                0x0000000008001d1c                DMA2_Stream7_IRQHandler
                0x0000000008001d1c                TIM15_IRQHandler
                0x0000000008001d1c                PVD_AVD_IRQHandler
                0x0000000008001d1c                I2C3_EV_IRQHandler
                0x0000000008001d1c                EXTI9_5_IRQHandler
                0x0000000008001d1c                RTC_WKUP_IRQHandler
                0x0000000008001d1c                LTDC_IRQHandler
                0x0000000008001d1c                SAI3_IRQHandler
                0x0000000008001d1c                ETH_WKUP_IRQHandler
                0x0000000008001d1c                SPDIF_RX_IRQHandler
                0x0000000008001d1c                OTG_HS_EP1_IN_IRQHandler
                0x0000000008001d1c                CRS_IRQHandler
                0x0000000008001d1c                EXTI4_IRQHandler
                0x0000000008001d1c                HRTIM1_TIMB_IRQHandler
                0x0000000008001d1c                FDCAN2_IT1_IRQHandler
                0x0000000008001d1c                ETH_IRQHandler
                0x0000000008001d1c                TIM1_UP_IRQHandler
                0x0000000008001d1c                BDMA_Channel4_IRQHandler
                0x0000000008001d1c                OTG_HS_EP1_OUT_IRQHandler
                0x0000000008001d1c                WWDG_IRQHandler
                0x0000000008001d1c                SPI6_IRQHandler
                0x0000000008001d1c                MDIOS_IRQHandler
                0x0000000008001d1c                I2C4_EV_IRQHandler
                0x0000000008001d1c                FDCAN2_IT0_IRQHandler
                0x0000000008001d1c                LPUART1_IRQHandler
                0x0000000008001d1c                FDCAN1_IT0_IRQHandler
                0x0000000008001d1c                TIM2_IRQHandler
                0x0000000008001d1c                OTG_FS_WKUP_IRQHandler
                0x0000000008001d1c                OTG_HS_IRQHandler
                0x0000000008001d1c                DMA2D_IRQHandler
                0x0000000008001d1c                TIM1_BRK_IRQHandler
                0x0000000008001d1c                EXTI1_IRQHandler
                0x0000000008001d1c                SDMMC2_IRQHandler
                0x0000000008001d1c                OTG_FS_EP1_OUT_IRQHandler
                0x0000000008001d1c                BDMA_Channel3_IRQHandler
                0x0000000008001d1c                UART7_IRQHandler
                0x0000000008001d1c                MDIOS_WKUP_IRQHandler
                0x0000000008001d1c                USART2_IRQHandler
                0x0000000008001d1c                DFSDM1_FLT0_IRQHandler
                0x0000000008001d1c                SAI4_IRQHandler
                0x0000000008001d1c                I2C2_ER_IRQHandler
                0x0000000008001d1c                DMA2_Stream1_IRQHandler
                0x0000000008001d1c                FLASH_IRQHandler
                0x0000000008001d1c                DMA2_Stream4_IRQHandler
                0x0000000008001d1c                USART1_IRQHandler
                0x0000000008001d1c                OTG_FS_IRQHandler
                0x0000000008001d1c                WAKEUP_PIN_IRQHandler
                0x0000000008001d1c                DMA1_Stream4_IRQHandler
                0x0000000008001d1c                OTG_FS_EP1_IN_IRQHandler
                0x0000000008001d1c                I2C1_ER_IRQHandler
                0x0000000008001d1c                FMC_IRQHandler
                0x0000000008001d1c                FDCAN_CAL_IRQHandler
                0x0000000008001d1c                SWPMI1_IRQHandler
                0x0000000008001d1c                COMP1_IRQHandler
                0x0000000008001d1c                LPTIM1_IRQHandler
                0x0000000008001d1c                I2C4_ER_IRQHandler
                0x0000000008001d1c                DMA2_Stream6_IRQHandler
                0x0000000008001d1c                SAI1_IRQHandler
                0x0000000008001d1c                DMA1_Stream3_IRQHandler
 *fill*         0x0000000008001d1e        0x2 
 .text.LCD_Test
                0x0000000008001d20      0x1c0 ./Drivers/LCD_ST7735/Src/lcd.o
                0x0000000008001d20                LCD_Test
 .text.LCD_SetBrightness
                0x0000000008001ee0       0x20 ./Drivers/LCD_ST7735/Src/lcd.o
                0x0000000008001ee0                LCD_SetBrightness
 .text.LCD_GetBrightness
                0x0000000008001f00       0x18 ./Drivers/LCD_ST7735/Src/lcd.o
                0x0000000008001f00                LCD_GetBrightness
 .text.LCD_Light
                0x0000000008001f18       0xea ./Drivers/LCD_ST7735/Src/lcd.o
                0x0000000008001f18                LCD_Light
 *fill*         0x0000000008002002        0x2 
 .text.LCD_ShowChar
                0x0000000008002004      0x424 ./Drivers/LCD_ST7735/Src/lcd.o
                0x0000000008002004                LCD_ShowChar
 .text.LCD_ShowString
                0x0000000008002428       0x9a ./Drivers/LCD_ST7735/Src/lcd.o
                0x0000000008002428                LCD_ShowString
 *fill*         0x00000000080024c2        0x2 
 .text.lcd_init
                0x00000000080024c4       0x20 ./Drivers/LCD_ST7735/Src/lcd.o
 .text.lcd_gettick
                0x00000000080024e4        0xe ./Drivers/LCD_ST7735/Src/lcd.o
 *fill*         0x00000000080024f2        0x2 
 .text.lcd_writereg
                0x00000000080024f4       0x94 ./Drivers/LCD_ST7735/Src/lcd.o
 .text.lcd_readreg
                0x0000000008002588       0x88 ./Drivers/LCD_ST7735/Src/lcd.o
 .text.lcd_senddata
                0x0000000008002610       0x58 ./Drivers/LCD_ST7735/Src/lcd.o
 .text.lcd_recvdata
                0x0000000008002668       0x5c ./Drivers/LCD_ST7735/Src/lcd.o
 .text.ST7735_RegisterBusIO
                0x00000000080026c4       0xa8 ./Drivers/LCD_ST7735/Src/st7735.o
                0x00000000080026c4                ST7735_RegisterBusIO
 .text.ST7735_Init
                0x000000000800276c      0x77e ./Drivers/LCD_ST7735/Src/st7735.o
                0x000000000800276c                ST7735_Init
 .text.ST7735_DeInit
                0x0000000008002eea       0x16 ./Drivers/LCD_ST7735/Src/st7735.o
                0x0000000008002eea                ST7735_DeInit
 .text.ST7735_ReadID
                0x0000000008002f00       0x8e ./Drivers/LCD_ST7735/Src/st7735.o
                0x0000000008002f00                ST7735_ReadID
 *fill*         0x0000000008002f8e        0x2 
 .text.ST7735_DisplayOn
                0x0000000008002f90       0xc8 ./Drivers/LCD_ST7735/Src/st7735.o
                0x0000000008002f90                ST7735_DisplayOn
 .text.ST7735_DisplayOff
                0x0000000008003058       0xc8 ./Drivers/LCD_ST7735/Src/st7735.o
                0x0000000008003058                ST7735_DisplayOff
 .text.ST7735_SetBrightness
                0x0000000008003120       0x1a ./Drivers/LCD_ST7735/Src/st7735.o
                0x0000000008003120                ST7735_SetBrightness
 .text.ST7735_GetBrightness
                0x000000000800313a       0x1a ./Drivers/LCD_ST7735/Src/st7735.o
                0x000000000800313a                ST7735_GetBrightness
 .text.ST7735_SetOrientation
                0x0000000008003154      0x11c ./Drivers/LCD_ST7735/Src/st7735.o
                0x0000000008003154                ST7735_SetOrientation
 .text.ST7735_GetOrientation
                0x0000000008003270       0x24 ./Drivers/LCD_ST7735/Src/st7735.o
                0x0000000008003270                ST7735_GetOrientation
 .text.ST7735_SetCursor
                0x0000000008003294      0x178 ./Drivers/LCD_ST7735/Src/st7735.o
                0x0000000008003294                ST7735_SetCursor
 .text.ST7735_DrawBitmap
                0x000000000800340c      0x214 ./Drivers/LCD_ST7735/Src/st7735.o
                0x000000000800340c                ST7735_DrawBitmap
 .text.ST7735_FillRGBRect
                0x0000000008003620       0xd4 ./Drivers/LCD_ST7735/Src/st7735.o
                0x0000000008003620                ST7735_FillRGBRect
 .text.ST7735_DrawHLine
                0x00000000080036f4       0xa0 ./Drivers/LCD_ST7735/Src/st7735.o
                0x00000000080036f4                ST7735_DrawHLine
 .text.ST7735_DrawVLine
                0x0000000008003794       0x68 ./Drivers/LCD_ST7735/Src/st7735.o
                0x0000000008003794                ST7735_DrawVLine
 .text.ST7735_FillRect
                0x00000000080037fc       0x58 ./Drivers/LCD_ST7735/Src/st7735.o
                0x00000000080037fc                ST7735_FillRect
 .text.ST7735_SetPixel
                0x0000000008003854       0x88 ./Drivers/LCD_ST7735/Src/st7735.o
                0x0000000008003854                ST7735_SetPixel
 .text.ST7735_GetPixel
                0x00000000080038dc       0x9e ./Drivers/LCD_ST7735/Src/st7735.o
                0x00000000080038dc                ST7735_GetPixel
 *fill*         0x000000000800397a        0x2 
 .text.ST7735_GetXSize
                0x000000000800397c       0x24 ./Drivers/LCD_ST7735/Src/st7735.o
                0x000000000800397c                ST7735_GetXSize
 .text.ST7735_GetYSize
                0x00000000080039a0       0x24 ./Drivers/LCD_ST7735/Src/st7735.o
                0x00000000080039a0                ST7735_GetYSize
 .text.ST7735_SetDisplayWindow
                0x00000000080039c4      0x208 ./Drivers/LCD_ST7735/Src/st7735.o
 .text.ST7735_ReadRegWrap
                0x0000000008003bcc       0x28 ./Drivers/LCD_ST7735/Src/st7735.o
 .text.ST7735_WriteRegWrap
                0x0000000008003bf4       0x2a ./Drivers/LCD_ST7735/Src/st7735.o
 .text.ST7735_SendDataWrap
                0x0000000008003c1e       0x24 ./Drivers/LCD_ST7735/Src/st7735.o
 .text.ST7735_RecvDataWrap
                0x0000000008003c42       0x24 ./Drivers/LCD_ST7735/Src/st7735.o
 .text.ST7735_IO_Delay
                0x0000000008003c66       0x34 ./Drivers/LCD_ST7735/Src/st7735.o
 .text.st7735_read_reg
                0x0000000008003c9a       0x26 ./Drivers/LCD_ST7735/Src/st7735_reg.o
                0x0000000008003c9a                st7735_read_reg
 .text.st7735_write_reg
                0x0000000008003cc0       0x2a ./Drivers/LCD_ST7735/Src/st7735_reg.o
                0x0000000008003cc0                st7735_write_reg
 .text.st7735_send_data
                0x0000000008003cea       0x24 ./Drivers/LCD_ST7735/Src/st7735_reg.o
                0x0000000008003cea                st7735_send_data
 .text.st7735_recv_data
                0x0000000008003d0e       0x24 ./Drivers/LCD_ST7735/Src/st7735_reg.o
                0x0000000008003d0e                st7735_recv_data
 *fill*         0x0000000008003d32        0x2 
 .text.HAL_Init
                0x0000000008003d34       0x78 ./Drivers/STM32H7xx_HAL_Driver/Src/stm32h7xx_hal.o
                0x0000000008003d34                HAL_Init
 .text.HAL_InitTick
                0x0000000008003dac       0x6c ./Drivers/STM32H7xx_HAL_Driver/Src/stm32h7xx_hal.o
                0x0000000008003dac                HAL_InitTick
 .text.HAL_IncTick
                0x0000000008003e18       0x28 ./Drivers/STM32H7xx_HAL_Driver/Src/stm32h7xx_hal.o
                0x0000000008003e18                HAL_IncTick
 .text.HAL_GetTick
                0x0000000008003e40       0x18 ./Drivers/STM32H7xx_HAL_Driver/Src/stm32h7xx_hal.o
                0x0000000008003e40                HAL_GetTick
 .text.HAL_Delay
                0x0000000008003e58       0x48 ./Drivers/STM32H7xx_HAL_Driver/Src/stm32h7xx_hal.o
                0x0000000008003e58                HAL_Delay
 .text.HAL_GetREVID
                0x0000000008003ea0       0x18 ./Drivers/STM32H7xx_HAL_Driver/Src/stm32h7xx_hal.o
                0x0000000008003ea0                HAL_GetREVID
 .text.__NVIC_SetPriorityGrouping
                0x0000000008003eb8       0x48 ./Drivers/STM32H7xx_HAL_Driver/Src/stm32h7xx_hal_cortex.o
 .text.__NVIC_GetPriorityGrouping
                0x0000000008003f00       0x1c ./Drivers/STM32H7xx_HAL_Driver/Src/stm32h7xx_hal_cortex.o
 .text.__NVIC_EnableIRQ
                0x0000000008003f1c       0x3c ./Drivers/STM32H7xx_HAL_Driver/Src/stm32h7xx_hal_cortex.o
 .text.__NVIC_SetPriority
                0x0000000008003f58       0x54 ./Drivers/STM32H7xx_HAL_Driver/Src/stm32h7xx_hal_cortex.o
 .text.NVIC_EncodePriority
                0x0000000008003fac       0x66 ./Drivers/STM32H7xx_HAL_Driver/Src/stm32h7xx_hal_cortex.o
 *fill*         0x0000000008004012        0x2 
 .text.SysTick_Config
                0x0000000008004014       0x44 ./Drivers/STM32H7xx_HAL_Driver/Src/stm32h7xx_hal_cortex.o
 .text.HAL_NVIC_SetPriorityGrouping
                0x0000000008004058       0x16 ./Drivers/STM32H7xx_HAL_Driver/Src/stm32h7xx_hal_cortex.o
                0x0000000008004058                HAL_NVIC_SetPriorityGrouping
 .text.HAL_NVIC_SetPriority
                0x000000000800406e       0x34 ./Drivers/STM32H7xx_HAL_Driver/Src/stm32h7xx_hal_cortex.o
                0x000000000800406e                HAL_NVIC_SetPriority
 .text.HAL_NVIC_EnableIRQ
                0x00000000080040a2       0x1c ./Drivers/STM32H7xx_HAL_Driver/Src/stm32h7xx_hal_cortex.o
                0x00000000080040a2                HAL_NVIC_EnableIRQ
 .text.HAL_SYSTICK_Config
                0x00000000080040be       0x18 ./Drivers/STM32H7xx_HAL_Driver/Src/stm32h7xx_hal_cortex.o
                0x00000000080040be                HAL_SYSTICK_Config
 *fill*         0x00000000080040d6        0x2 
 .text.HAL_DMA_Init
                0x00000000080040d8      0x6b8 ./Drivers/STM32H7xx_HAL_Driver/Src/stm32h7xx_hal_dma.o
                0x00000000080040d8                HAL_DMA_Init
 .text.HAL_DMA_Start_IT
                0x0000000008004790      0x4d4 ./Drivers/STM32H7xx_HAL_Driver/Src/stm32h7xx_hal_dma.o
                0x0000000008004790                HAL_DMA_Start_IT
 .text.HAL_DMA_IRQHandler
                0x0000000008004c64      0xe54 ./Drivers/STM32H7xx_HAL_Driver/Src/stm32h7xx_hal_dma.o
                0x0000000008004c64                HAL_DMA_IRQHandler
 .text.DMA_SetConfig
                0x0000000008005ab8      0x358 ./Drivers/STM32H7xx_HAL_Driver/Src/stm32h7xx_hal_dma.o
 .text.DMA_CalcBaseAndBitshift
                0x0000000008005e10      0x164 ./Drivers/STM32H7xx_HAL_Driver/Src/stm32h7xx_hal_dma.o
 .text.DMA_CheckFifoParam
                0x0000000008005f74       0xf8 ./Drivers/STM32H7xx_HAL_Driver/Src/stm32h7xx_hal_dma.o
 .text.DMA_CalcDMAMUXChannelBaseAndMask
                0x000000000800606c      0x134 ./Drivers/STM32H7xx_HAL_Driver/Src/stm32h7xx_hal_dma.o
 .text.DMA_CalcDMAMUXRequestGenBaseAndMask
                0x00000000080061a0       0xe8 ./Drivers/STM32H7xx_HAL_Driver/Src/stm32h7xx_hal_dma.o
 .text.HAL_GPIO_Init
                0x0000000008006288      0x360 ./Drivers/STM32H7xx_HAL_Driver/Src/stm32h7xx_hal_gpio.o
                0x0000000008006288                HAL_GPIO_Init
 .text.HAL_GPIO_ReadPin
                0x00000000080065e8       0x30 ./Drivers/STM32H7xx_HAL_Driver/Src/stm32h7xx_hal_gpio.o
                0x00000000080065e8                HAL_GPIO_ReadPin
 .text.HAL_GPIO_WritePin
                0x0000000008006618       0x32 ./Drivers/STM32H7xx_HAL_Driver/Src/stm32h7xx_hal_gpio.o
                0x0000000008006618                HAL_GPIO_WritePin
 .text.HAL_GPIO_TogglePin
                0x000000000800664a       0x34 ./Drivers/STM32H7xx_HAL_Driver/Src/stm32h7xx_hal_gpio.o
                0x000000000800664a                HAL_GPIO_TogglePin
 *fill*         0x000000000800667e        0x2 
 .text.HAL_I2S_Init
                0x0000000008006680      0x240 ./Drivers/STM32H7xx_HAL_Driver/Src/stm32h7xx_hal_i2s.o
                0x0000000008006680                HAL_I2S_Init
 .text.HAL_I2S_Receive_DMA
                0x00000000080068c0      0x36c ./Drivers/STM32H7xx_HAL_Driver/Src/stm32h7xx_hal_i2s.o
                0x00000000080068c0                HAL_I2S_Receive_DMA
 .text.HAL_I2S_IRQHandler
                0x0000000008006c2c      0x1f0 ./Drivers/STM32H7xx_HAL_Driver/Src/stm32h7xx_hal_i2s.o
                0x0000000008006c2c                HAL_I2S_IRQHandler
 .text.HAL_I2S_RxHalfCpltCallback
                0x0000000008006e1c       0x14 ./Drivers/STM32H7xx_HAL_Driver/Src/stm32h7xx_hal_i2s.o
                0x0000000008006e1c                HAL_I2S_RxHalfCpltCallback
 .text.HAL_I2S_ErrorCallback
                0x0000000008006e30       0x14 ./Drivers/STM32H7xx_HAL_Driver/Src/stm32h7xx_hal_i2s.o
                0x0000000008006e30                HAL_I2S_ErrorCallback
 .text.I2S_DMARxCplt
                0x0000000008006e44       0x42 ./Drivers/STM32H7xx_HAL_Driver/Src/stm32h7xx_hal_i2s.o
 .text.I2S_DMARxHalfCplt
                0x0000000008006e86       0x1c ./Drivers/STM32H7xx_HAL_Driver/Src/stm32h7xx_hal_i2s.o
 .text.I2S_DMAError
                0x0000000008006ea2       0x4c ./Drivers/STM32H7xx_HAL_Driver/Src/stm32h7xx_hal_i2s.o
 *fill*         0x0000000008006eee        0x2 
 .text.HAL_PWREx_ConfigSupply
                0x0000000008006ef0       0x74 ./Drivers/STM32H7xx_HAL_Driver/Src/stm32h7xx_hal_pwr_ex.o
                0x0000000008006ef0                HAL_PWREx_ConfigSupply
 .text.HAL_RCC_OscConfig
                0x0000000008006f64      0x85c ./Drivers/STM32H7xx_HAL_Driver/Src/stm32h7xx_hal_rcc.o
                0x0000000008006f64                HAL_RCC_OscConfig
 .text.HAL_RCC_ClockConfig
                0x00000000080077c0      0x36c ./Drivers/STM32H7xx_HAL_Driver/Src/stm32h7xx_hal_rcc.o
                0x00000000080077c0                HAL_RCC_ClockConfig
 .text.HAL_RCC_EnableCSS
                0x0000000008007b2c       0x20 ./Drivers/STM32H7xx_HAL_Driver/Src/stm32h7xx_hal_rcc.o
                0x0000000008007b2c                HAL_RCC_EnableCSS
 .text.HAL_RCC_GetSysClockFreq
                0x0000000008007b4c      0x2f4 ./Drivers/STM32H7xx_HAL_Driver/Src/stm32h7xx_hal_rcc.o
                0x0000000008007b4c                HAL_RCC_GetSysClockFreq
 .text.HAL_RCC_GetHCLKFreq
                0x0000000008007e40       0x60 ./Drivers/STM32H7xx_HAL_Driver/Src/stm32h7xx_hal_rcc.o
                0x0000000008007e40                HAL_RCC_GetHCLKFreq
 .text.HAL_RCC_GetPCLK1Freq
                0x0000000008007ea0       0x2c ./Drivers/STM32H7xx_HAL_Driver/Src/stm32h7xx_hal_rcc.o
                0x0000000008007ea0                HAL_RCC_GetPCLK1Freq
 .text.HAL_RCC_GetPCLK2Freq
                0x0000000008007ecc       0x2c ./Drivers/STM32H7xx_HAL_Driver/Src/stm32h7xx_hal_rcc.o
                0x0000000008007ecc                HAL_RCC_GetPCLK2Freq
 .text.HAL_RCCEx_PeriphCLKConfig
                0x0000000008007ef8      0xe8c ./Drivers/STM32H7xx_HAL_Driver/Src/stm32h7xx_hal_rcc_ex.o
                0x0000000008007ef8                HAL_RCCEx_PeriphCLKConfig
 .text.HAL_RCCEx_GetPeriphCLKFreq
                0x0000000008008d84      0x9a4 ./Drivers/STM32H7xx_HAL_Driver/Src/stm32h7xx_hal_rcc_ex.o
                0x0000000008008d84                HAL_RCCEx_GetPeriphCLKFreq
 .text.HAL_RCCEx_GetD3PCLK1Freq
                0x0000000008009728       0x2c ./Drivers/STM32H7xx_HAL_Driver/Src/stm32h7xx_hal_rcc_ex.o
                0x0000000008009728                HAL_RCCEx_GetD3PCLK1Freq
 .text.HAL_RCCEx_GetPLL2ClockFreq
                0x0000000008009754      0x2a8 ./Drivers/STM32H7xx_HAL_Driver/Src/stm32h7xx_hal_rcc_ex.o
                0x0000000008009754                HAL_RCCEx_GetPLL2ClockFreq
 .text.HAL_RCCEx_GetPLL3ClockFreq
                0x00000000080099fc      0x2a8 ./Drivers/STM32H7xx_HAL_Driver/Src/stm32h7xx_hal_rcc_ex.o
                0x00000000080099fc                HAL_RCCEx_GetPLL3ClockFreq
 .text.HAL_RCCEx_GetPLL1ClockFreq
                0x0000000008009ca4      0x2a4 ./Drivers/STM32H7xx_HAL_Driver/Src/stm32h7xx_hal_rcc_ex.o
                0x0000000008009ca4                HAL_RCCEx_GetPLL1ClockFreq
 .text.RCCEx_PLL2_Config
                0x0000000008009f48      0x164 ./Drivers/STM32H7xx_HAL_Driver/Src/stm32h7xx_hal_rcc_ex.o
 .text.RCCEx_PLL3_Config
                0x000000000800a0ac      0x164 ./Drivers/STM32H7xx_HAL_Driver/Src/stm32h7xx_hal_rcc_ex.o
 .text.HAL_SPI_Init
                0x000000000800a210      0x20c ./Drivers/STM32H7xx_HAL_Driver/Src/stm32h7xx_hal_spi.o
                0x000000000800a210                HAL_SPI_Init
 .text.HAL_SPI_Transmit
                0x000000000800a41c      0x3e4 ./Drivers/STM32H7xx_HAL_Driver/Src/stm32h7xx_hal_spi.o
                0x000000000800a41c                HAL_SPI_Transmit
 .text.HAL_SPI_Receive
                0x000000000800a800      0x338 ./Drivers/STM32H7xx_HAL_Driver/Src/stm32h7xx_hal_spi.o
                0x000000000800a800                HAL_SPI_Receive
 .text.HAL_SPI_TransmitReceive
                0x000000000800ab38      0x450 ./Drivers/STM32H7xx_HAL_Driver/Src/stm32h7xx_hal_spi.o
                0x000000000800ab38                HAL_SPI_TransmitReceive
 .text.SPI_CloseTransfer
                0x000000000800af88      0x140 ./Drivers/STM32H7xx_HAL_Driver/Src/stm32h7xx_hal_spi.o
 .text.SPI_WaitOnFlagUntilTimeout
                0x000000000800b0c8       0x5c ./Drivers/STM32H7xx_HAL_Driver/Src/stm32h7xx_hal_spi.o
 .text.SPI_GetPacketSize
                0x000000000800b124       0x36 ./Drivers/STM32H7xx_HAL_Driver/Src/stm32h7xx_hal_spi.o
 .text.HAL_TIM_Base_Init
                0x000000000800b15a       0xae ./Drivers/STM32H7xx_HAL_Driver/Src/stm32h7xx_hal_tim.o
                0x000000000800b15a                HAL_TIM_Base_Init
 .text.HAL_TIM_PWM_Init
                0x000000000800b208       0xae ./Drivers/STM32H7xx_HAL_Driver/Src/stm32h7xx_hal_tim.o
                0x000000000800b208                HAL_TIM_PWM_Init
 .text.HAL_TIM_PWM_MspInit
                0x000000000800b2b6       0x14 ./Drivers/STM32H7xx_HAL_Driver/Src/stm32h7xx_hal_tim.o
                0x000000000800b2b6                HAL_TIM_PWM_MspInit
 *fill*         0x000000000800b2ca        0x2 
 .text.HAL_TIM_PWM_Start
                0x000000000800b2cc      0x21c ./Drivers/STM32H7xx_HAL_Driver/Src/stm32h7xx_hal_tim.o
                0x000000000800b2cc                HAL_TIM_PWM_Start
 .text.HAL_TIM_PWM_ConfigChannel
                0x000000000800b4e8      0x228 ./Drivers/STM32H7xx_HAL_Driver/Src/stm32h7xx_hal_tim.o
                0x000000000800b4e8                HAL_TIM_PWM_ConfigChannel
 .text.HAL_TIM_ConfigClockSource
                0x000000000800b710      0x1f0 ./Drivers/STM32H7xx_HAL_Driver/Src/stm32h7xx_hal_tim.o
                0x000000000800b710                HAL_TIM_ConfigClockSource
 .text.TIM_Base_SetConfig
                0x000000000800b900      0x134 ./Drivers/STM32H7xx_HAL_Driver/Src/stm32h7xx_hal_tim.o
                0x000000000800b900                TIM_Base_SetConfig
 .text.TIM_OC1_SetConfig
                0x000000000800ba34      0x120 ./Drivers/STM32H7xx_HAL_Driver/Src/stm32h7xx_hal_tim.o
 .text.TIM_OC2_SetConfig
                0x000000000800bb54      0x114 ./Drivers/STM32H7xx_HAL_Driver/Src/stm32h7xx_hal_tim.o
                0x000000000800bb54                TIM_OC2_SetConfig
 .text.TIM_OC3_SetConfig
                0x000000000800bc68      0x110 ./Drivers/STM32H7xx_HAL_Driver/Src/stm32h7xx_hal_tim.o
 .text.TIM_OC4_SetConfig
                0x000000000800bd78       0xd4 ./Drivers/STM32H7xx_HAL_Driver/Src/stm32h7xx_hal_tim.o
 .text.TIM_OC5_SetConfig
                0x000000000800be4c       0xc8 ./Drivers/STM32H7xx_HAL_Driver/Src/stm32h7xx_hal_tim.o
 .text.TIM_OC6_SetConfig
                0x000000000800bf14       0xcc ./Drivers/STM32H7xx_HAL_Driver/Src/stm32h7xx_hal_tim.o
 .text.TIM_TI1_ConfigInputStage
                0x000000000800bfe0       0x5e ./Drivers/STM32H7xx_HAL_Driver/Src/stm32h7xx_hal_tim.o
 .text.TIM_TI2_ConfigInputStage
                0x000000000800c03e       0x60 ./Drivers/STM32H7xx_HAL_Driver/Src/stm32h7xx_hal_tim.o
 *fill*         0x000000000800c09e        0x2 
 .text.TIM_ITRx_SetConfig
                0x000000000800c0a0       0x3c ./Drivers/STM32H7xx_HAL_Driver/Src/stm32h7xx_hal_tim.o
 .text.TIM_ETR_SetConfig
                0x000000000800c0dc       0x40 ./Drivers/STM32H7xx_HAL_Driver/Src/stm32h7xx_hal_tim.o
                0x000000000800c0dc                TIM_ETR_SetConfig
 .text.TIM_CCxChannelCmd
                0x000000000800c11c       0x4a ./Drivers/STM32H7xx_HAL_Driver/Src/stm32h7xx_hal_tim.o
                0x000000000800c11c                TIM_CCxChannelCmd
 *fill*         0x000000000800c166        0x2 
 .text.HAL_TIMEx_PWMN_Start
                0x000000000800c168      0x184 ./Drivers/STM32H7xx_HAL_Driver/Src/stm32h7xx_hal_tim_ex.o
                0x000000000800c168                HAL_TIMEx_PWMN_Start
 .text.HAL_TIMEx_MasterConfigSynchronization
                0x000000000800c2ec      0x11c ./Drivers/STM32H7xx_HAL_Driver/Src/stm32h7xx_hal_tim_ex.o
                0x000000000800c2ec                HAL_TIMEx_MasterConfigSynchronization
 .text.HAL_TIMEx_ConfigBreakDeadTime
                0x000000000800c408       0xfc ./Drivers/STM32H7xx_HAL_Driver/Src/stm32h7xx_hal_tim_ex.o
                0x000000000800c408                HAL_TIMEx_ConfigBreakDeadTime
 .text.TIM_CCxNChannelCmd
                0x000000000800c504       0x4a ./Drivers/STM32H7xx_HAL_Driver/Src/stm32h7xx_hal_tim_ex.o
 .text.HAL_UART_Init
                0x000000000800c54e       0xa0 ./Drivers/STM32H7xx_HAL_Driver/Src/stm32h7xx_hal_uart.o
                0x000000000800c54e                HAL_UART_Init
 .text.HAL_UART_Transmit
                0x000000000800c5ee      0x12c ./Drivers/STM32H7xx_HAL_Driver/Src/stm32h7xx_hal_uart.o
                0x000000000800c5ee                HAL_UART_Transmit
 *fill*         0x000000000800c71a        0x2 
 .text.UART_SetConfig
                0x000000000800c71c      0xad0 ./Drivers/STM32H7xx_HAL_Driver/Src/stm32h7xx_hal_uart.o
                0x000000000800c71c                UART_SetConfig
 .text.UART_AdvFeatureConfig
                0x000000000800d1ec      0x144 ./Drivers/STM32H7xx_HAL_Driver/Src/stm32h7xx_hal_uart.o
                0x000000000800d1ec                UART_AdvFeatureConfig
 .text.UART_CheckIdleState
                0x000000000800d330       0x96 ./Drivers/STM32H7xx_HAL_Driver/Src/stm32h7xx_hal_uart.o
                0x000000000800d330                UART_CheckIdleState
 .text.UART_WaitOnFlagUntilTimeout
                0x000000000800d3c6      0x190 ./Drivers/STM32H7xx_HAL_Driver/Src/stm32h7xx_hal_uart.o
                0x000000000800d3c6                UART_WaitOnFlagUntilTimeout
 .text.HAL_UARTEx_DisableFifoMode
                0x000000000800d556       0x72 ./Drivers/STM32H7xx_HAL_Driver/Src/stm32h7xx_hal_uart_ex.o
                0x000000000800d556                HAL_UARTEx_DisableFifoMode
 .text.HAL_UARTEx_SetTxFifoThreshold
                0x000000000800d5c8       0x7c ./Drivers/STM32H7xx_HAL_Driver/Src/stm32h7xx_hal_uart_ex.o
                0x000000000800d5c8                HAL_UARTEx_SetTxFifoThreshold
 .text.HAL_UARTEx_SetRxFifoThreshold
                0x000000000800d644       0x7c ./Drivers/STM32H7xx_HAL_Driver/Src/stm32h7xx_hal_uart_ex.o
                0x000000000800d644                HAL_UARTEx_SetRxFifoThreshold
 .text.UARTEx_SetNbDataToProcess
                0x000000000800d6c0       0x9c ./Drivers/STM32H7xx_HAL_Driver/Src/stm32h7xx_hal_uart_ex.o
 .text.__errno  0x000000000800d75c        0xc d:/app/st/stm32cubeide/stm32cubeide/plugins/com.st.stm32cube.ide.mcu.externaltools.gnu-tools-for-stm32.10.3-2021.10.win32_1.0.0.202111181127/tools/bin/../lib/gcc/arm-none-eabi/10.3.1/../../../../arm-none-eabi/lib/thumb/v7e-m+dp/hard\libc_nano.a(lib_a-errno.o)
                0x000000000800d75c                __errno
 .text.__libc_init_array
                0x000000000800d768       0x48 d:/app/st/stm32cubeide/stm32cubeide/plugins/com.st.stm32cube.ide.mcu.externaltools.gnu-tools-for-stm32.10.3-2021.10.win32_1.0.0.202111181127/tools/bin/../lib/gcc/arm-none-eabi/10.3.1/../../../../arm-none-eabi/lib/thumb/v7e-m+dp/hard\libc_nano.a(lib_a-init.o)
                0x000000000800d768                __libc_init_array
 .text.memset   0x000000000800d7b0       0x10 d:/app/st/stm32cubeide/stm32cubeide/plugins/com.st.stm32cube.ide.mcu.externaltools.gnu-tools-for-stm32.10.3-2021.10.win32_1.0.0.202111181127/tools/bin/../lib/gcc/arm-none-eabi/10.3.1/../../../../arm-none-eabi/lib/thumb/v7e-m+dp/hard\libc_nano.a(lib_a-memset.o)
                0x000000000800d7b0                memset
 .text.printf   0x000000000800d7c0       0x30 d:/app/st/stm32cubeide/stm32cubeide/plugins/com.st.stm32cube.ide.mcu.externaltools.gnu-tools-for-stm32.10.3-2021.10.win32_1.0.0.202111181127/tools/bin/../lib/gcc/arm-none-eabi/10.3.1/../../../../arm-none-eabi/lib/thumb/v7e-m+dp/hard\libc_nano.a(lib_a-printf.o)
                0x000000000800d7c0                iprintf
                0x000000000800d7c0                printf
 .text.sprintf  0x000000000800d7f0       0x40 d:/app/st/stm32cubeide/stm32cubeide/plugins/com.st.stm32cube.ide.mcu.externaltools.gnu-tools-for-stm32.10.3-2021.10.win32_1.0.0.202111181127/tools/bin/../lib/gcc/arm-none-eabi/10.3.1/../../../../arm-none-eabi/lib/thumb/v7e-m+dp/hard\libc_nano.a(lib_a-sprintf.o)
                0x000000000800d7f0                siprintf
                0x000000000800d7f0                sprintf
 .text.std      0x000000000800d830       0x48 d:/app/st/stm32cubeide/stm32cubeide/plugins/com.st.stm32cube.ide.mcu.externaltools.gnu-tools-for-stm32.10.3-2021.10.win32_1.0.0.202111181127/tools/bin/../lib/gcc/arm-none-eabi/10.3.1/../../../../arm-none-eabi/lib/thumb/v7e-m+dp/hard\libc_nano.a(lib_a-findfp.o)
 .text._cleanup_r
                0x000000000800d878        0xc d:/app/st/stm32cubeide/stm32cubeide/plugins/com.st.stm32cube.ide.mcu.externaltools.gnu-tools-for-stm32.10.3-2021.10.win32_1.0.0.202111181127/tools/bin/../lib/gcc/arm-none-eabi/10.3.1/../../../../arm-none-eabi/lib/thumb/v7e-m+dp/hard\libc_nano.a(lib_a-findfp.o)
                0x000000000800d878                _cleanup_r
 .text.__sfmoreglue
                0x000000000800d884       0x2c d:/app/st/stm32cubeide/stm32cubeide/plugins/com.st.stm32cube.ide.mcu.externaltools.gnu-tools-for-stm32.10.3-2021.10.win32_1.0.0.202111181127/tools/bin/../lib/gcc/arm-none-eabi/10.3.1/../../../../arm-none-eabi/lib/thumb/v7e-m+dp/hard\libc_nano.a(lib_a-findfp.o)
                0x000000000800d884                __sfmoreglue
 .text.__sfp_lock_acquire
                0x000000000800d8b0        0xc d:/app/st/stm32cubeide/stm32cubeide/plugins/com.st.stm32cube.ide.mcu.externaltools.gnu-tools-for-stm32.10.3-2021.10.win32_1.0.0.202111181127/tools/bin/../lib/gcc/arm-none-eabi/10.3.1/../../../../arm-none-eabi/lib/thumb/v7e-m+dp/hard\libc_nano.a(lib_a-findfp.o)
                0x000000000800d8b0                __sfp_lock_acquire
 .text.__sfp_lock_release
                0x000000000800d8bc        0xc d:/app/st/stm32cubeide/stm32cubeide/plugins/com.st.stm32cube.ide.mcu.externaltools.gnu-tools-for-stm32.10.3-2021.10.win32_1.0.0.202111181127/tools/bin/../lib/gcc/arm-none-eabi/10.3.1/../../../../arm-none-eabi/lib/thumb/v7e-m+dp/hard\libc_nano.a(lib_a-findfp.o)
                0x000000000800d8bc                __sfp_lock_release
 .text.__sinit_lock_acquire
                0x000000000800d8c8        0xc d:/app/st/stm32cubeide/stm32cubeide/plugins/com.st.stm32cube.ide.mcu.externaltools.gnu-tools-for-stm32.10.3-2021.10.win32_1.0.0.202111181127/tools/bin/../lib/gcc/arm-none-eabi/10.3.1/../../../../arm-none-eabi/lib/thumb/v7e-m+dp/hard\libc_nano.a(lib_a-findfp.o)
                0x000000000800d8c8                __sinit_lock_acquire
 .text.__sinit_lock_release
                0x000000000800d8d4        0xc d:/app/st/stm32cubeide/stm32cubeide/plugins/com.st.stm32cube.ide.mcu.externaltools.gnu-tools-for-stm32.10.3-2021.10.win32_1.0.0.202111181127/tools/bin/../lib/gcc/arm-none-eabi/10.3.1/../../../../arm-none-eabi/lib/thumb/v7e-m+dp/hard\libc_nano.a(lib_a-findfp.o)
                0x000000000800d8d4                __sinit_lock_release
 .text.__sinit  0x000000000800d8e0       0x70 d:/app/st/stm32cubeide/stm32cubeide/plugins/com.st.stm32cube.ide.mcu.externaltools.gnu-tools-for-stm32.10.3-2021.10.win32_1.0.0.202111181127/tools/bin/../lib/gcc/arm-none-eabi/10.3.1/../../../../arm-none-eabi/lib/thumb/v7e-m+dp/hard\libc_nano.a(lib_a-findfp.o)
                0x000000000800d8e0                __sinit
 .text.__sfp    0x000000000800d950       0x8c d:/app/st/stm32cubeide/stm32cubeide/plugins/com.st.stm32cube.ide.mcu.externaltools.gnu-tools-for-stm32.10.3-2021.10.win32_1.0.0.202111181127/tools/bin/../lib/gcc/arm-none-eabi/10.3.1/../../../../arm-none-eabi/lib/thumb/v7e-m+dp/hard\libc_nano.a(lib_a-findfp.o)
                0x000000000800d950                __sfp
 .text._fwalk_reent
                0x000000000800d9dc       0x3e d:/app/st/stm32cubeide/stm32cubeide/plugins/com.st.stm32cube.ide.mcu.externaltools.gnu-tools-for-stm32.10.3-2021.10.win32_1.0.0.202111181127/tools/bin/../lib/gcc/arm-none-eabi/10.3.1/../../../../arm-none-eabi/lib/thumb/v7e-m+dp/hard\libc_nano.a(lib_a-fwalk.o)
                0x000000000800d9dc                _fwalk_reent
 .text.__retarget_lock_init_recursive
                0x000000000800da1a        0x2 d:/app/st/stm32cubeide/stm32cubeide/plugins/com.st.stm32cube.ide.mcu.externaltools.gnu-tools-for-stm32.10.3-2021.10.win32_1.0.0.202111181127/tools/bin/../lib/gcc/arm-none-eabi/10.3.1/../../../../arm-none-eabi/lib/thumb/v7e-m+dp/hard\libc_nano.a(lib_a-lock.o)
                0x000000000800da1a                __retarget_lock_init_recursive
 .text.__retarget_lock_acquire_recursive
                0x000000000800da1c        0x2 d:/app/st/stm32cubeide/stm32cubeide/plugins/com.st.stm32cube.ide.mcu.externaltools.gnu-tools-for-stm32.10.3-2021.10.win32_1.0.0.202111181127/tools/bin/../lib/gcc/arm-none-eabi/10.3.1/../../../../arm-none-eabi/lib/thumb/v7e-m+dp/hard\libc_nano.a(lib_a-lock.o)
                0x000000000800da1c                __retarget_lock_acquire_recursive
 .text.__retarget_lock_release_recursive
                0x000000000800da1e        0x2 d:/app/st/stm32cubeide/stm32cubeide/plugins/com.st.stm32cube.ide.mcu.externaltools.gnu-tools-for-stm32.10.3-2021.10.win32_1.0.0.202111181127/tools/bin/../lib/gcc/arm-none-eabi/10.3.1/../../../../arm-none-eabi/lib/thumb/v7e-m+dp/hard\libc_nano.a(lib_a-lock.o)
                0x000000000800da1e                __retarget_lock_release_recursive
 .text.sbrk_aligned
                0x000000000800da20       0x40 d:/app/st/stm32cubeide/stm32cubeide/plugins/com.st.stm32cube.ide.mcu.externaltools.gnu-tools-for-stm32.10.3-2021.10.win32_1.0.0.202111181127/tools/bin/../lib/gcc/arm-none-eabi/10.3.1/../../../../arm-none-eabi/lib/thumb/v7e-m+dp/hard\libc_nano.a(lib_a-nano-mallocr.o)
 .text._malloc_r
                0x000000000800da60       0xe8 d:/app/st/stm32cubeide/stm32cubeide/plugins/com.st.stm32cube.ide.mcu.externaltools.gnu-tools-for-stm32.10.3-2021.10.win32_1.0.0.202111181127/tools/bin/../lib/gcc/arm-none-eabi/10.3.1/../../../../arm-none-eabi/lib/thumb/v7e-m+dp/hard\libc_nano.a(lib_a-nano-mallocr.o)
                0x000000000800da60                _malloc_r
 .text.__ssputs_r
                0x000000000800db48       0xb6 d:/app/st/stm32cubeide/stm32cubeide/plugins/com.st.stm32cube.ide.mcu.externaltools.gnu-tools-for-stm32.10.3-2021.10.win32_1.0.0.202111181127/tools/bin/../lib/gcc/arm-none-eabi/10.3.1/../../../../arm-none-eabi/lib/thumb/v7e-m+dp/hard\libc_nano.a(lib_a-nano-svfprintf.o)
                0x000000000800db48                __ssputs_r
 *fill*         0x000000000800dbfe        0x2 
 .text._svfprintf_r
                0x000000000800dc00      0x200 d:/app/st/stm32cubeide/stm32cubeide/plugins/com.st.stm32cube.ide.mcu.externaltools.gnu-tools-for-stm32.10.3-2021.10.win32_1.0.0.202111181127/tools/bin/../lib/gcc/arm-none-eabi/10.3.1/../../../../arm-none-eabi/lib/thumb/v7e-m+dp/hard\libc_nano.a(lib_a-nano-svfprintf.o)
                0x000000000800dc00                _svfiprintf_r
                0x000000000800dc00                _svfprintf_r
 .text.__sfputc_r
                0x000000000800de00       0x2e d:/app/st/stm32cubeide/stm32cubeide/plugins/com.st.stm32cube.ide.mcu.externaltools.gnu-tools-for-stm32.10.3-2021.10.win32_1.0.0.202111181127/tools/bin/../lib/gcc/arm-none-eabi/10.3.1/../../../../arm-none-eabi/lib/thumb/v7e-m+dp/hard\libc_nano.a(lib_a-nano-vfprintf.o)
 .text.__sfputs_r
                0x000000000800de2e       0x24 d:/app/st/stm32cubeide/stm32cubeide/plugins/com.st.stm32cube.ide.mcu.externaltools.gnu-tools-for-stm32.10.3-2021.10.win32_1.0.0.202111181127/tools/bin/../lib/gcc/arm-none-eabi/10.3.1/../../../../arm-none-eabi/lib/thumb/v7e-m+dp/hard\libc_nano.a(lib_a-nano-vfprintf.o)
                0x000000000800de2e                __sfputs_r
 *fill*         0x000000000800de52        0x2 
 .text._vfprintf_r
                0x000000000800de54      0x260 d:/app/st/stm32cubeide/stm32cubeide/plugins/com.st.stm32cube.ide.mcu.externaltools.gnu-tools-for-stm32.10.3-2021.10.win32_1.0.0.202111181127/tools/bin/../lib/gcc/arm-none-eabi/10.3.1/../../../../arm-none-eabi/lib/thumb/v7e-m+dp/hard\libc_nano.a(lib_a-nano-vfprintf.o)
                0x000000000800de54                _vfprintf_r
                0x000000000800de54                _vfiprintf_r
 .text._printf_common
                0x000000000800e0b4       0xda d:/app/st/stm32cubeide/stm32cubeide/plugins/com.st.stm32cube.ide.mcu.externaltools.gnu-tools-for-stm32.10.3-2021.10.win32_1.0.0.202111181127/tools/bin/../lib/gcc/arm-none-eabi/10.3.1/../../../../arm-none-eabi/lib/thumb/v7e-m+dp/hard\libc_nano.a(lib_a-nano-vfprintf_i.o)
                0x000000000800e0b4                _printf_common
 *fill*         0x000000000800e18e        0x2 
 .text._printf_i
                0x000000000800e190      0x24c d:/app/st/stm32cubeide/stm32cubeide/plugins/com.st.stm32cube.ide.mcu.externaltools.gnu-tools-for-stm32.10.3-2021.10.win32_1.0.0.202111181127/tools/bin/../lib/gcc/arm-none-eabi/10.3.1/../../../../arm-none-eabi/lib/thumb/v7e-m+dp/hard\libc_nano.a(lib_a-nano-vfprintf_i.o)
                0x000000000800e190                _printf_i
 .text._sbrk_r  0x000000000800e3dc       0x20 d:/app/st/stm32cubeide/stm32cubeide/plugins/com.st.stm32cube.ide.mcu.externaltools.gnu-tools-for-stm32.10.3-2021.10.win32_1.0.0.202111181127/tools/bin/../lib/gcc/arm-none-eabi/10.3.1/../../../../arm-none-eabi/lib/thumb/v7e-m+dp/hard\libc_nano.a(lib_a-sbrkr.o)
                0x000000000800e3dc                _sbrk_r
 .text.__sread  0x000000000800e3fc       0x22 d:/app/st/stm32cubeide/stm32cubeide/plugins/com.st.stm32cube.ide.mcu.externaltools.gnu-tools-for-stm32.10.3-2021.10.win32_1.0.0.202111181127/tools/bin/../lib/gcc/arm-none-eabi/10.3.1/../../../../arm-none-eabi/lib/thumb/v7e-m+dp/hard\libc_nano.a(lib_a-stdio.o)
                0x000000000800e3fc                __sread
 .text.__swrite
                0x000000000800e41e       0x38 d:/app/st/stm32cubeide/stm32cubeide/plugins/com.st.stm32cube.ide.mcu.externaltools.gnu-tools-for-stm32.10.3-2021.10.win32_1.0.0.202111181127/tools/bin/../lib/gcc/arm-none-eabi/10.3.1/../../../../arm-none-eabi/lib/thumb/v7e-m+dp/hard\libc_nano.a(lib_a-stdio.o)
                0x000000000800e41e                __swrite
 .text.__sseek  0x000000000800e456       0x24 d:/app/st/stm32cubeide/stm32cubeide/plugins/com.st.stm32cube.ide.mcu.externaltools.gnu-tools-for-stm32.10.3-2021.10.win32_1.0.0.202111181127/tools/bin/../lib/gcc/arm-none-eabi/10.3.1/../../../../arm-none-eabi/lib/thumb/v7e-m+dp/hard\libc_nano.a(lib_a-stdio.o)
                0x000000000800e456                __sseek
 .text.__sclose
                0x000000000800e47a        0x8 d:/app/st/stm32cubeide/stm32cubeide/plugins/com.st.stm32cube.ide.mcu.externaltools.gnu-tools-for-stm32.10.3-2021.10.win32_1.0.0.202111181127/tools/bin/../lib/gcc/arm-none-eabi/10.3.1/../../../../arm-none-eabi/lib/thumb/v7e-m+dp/hard\libc_nano.a(lib_a-stdio.o)
                0x000000000800e47a                __sclose
 *fill*         0x000000000800e482        0x2 
 .text.__swbuf_r
                0x000000000800e484       0xa4 d:/app/st/stm32cubeide/stm32cubeide/plugins/com.st.stm32cube.ide.mcu.externaltools.gnu-tools-for-stm32.10.3-2021.10.win32_1.0.0.202111181127/tools/bin/../lib/gcc/arm-none-eabi/10.3.1/../../../../arm-none-eabi/lib/thumb/v7e-m+dp/hard\libc_nano.a(lib_a-wbuf.o)
                0x000000000800e484                __swbuf_r
 .text._write_r
                0x000000000800e528       0x24 d:/app/st/stm32cubeide/stm32cubeide/plugins/com.st.stm32cube.ide.mcu.externaltools.gnu-tools-for-stm32.10.3-2021.10.win32_1.0.0.202111181127/tools/bin/../lib/gcc/arm-none-eabi/10.3.1/../../../../arm-none-eabi/lib/thumb/v7e-m+dp/hard\libc_nano.a(lib_a-writer.o)
                0x000000000800e528                _write_r
 .text.__swsetup_r
                0x000000000800e54c       0xdc d:/app/st/stm32cubeide/stm32cubeide/plugins/com.st.stm32cube.ide.mcu.externaltools.gnu-tools-for-stm32.10.3-2021.10.win32_1.0.0.202111181127/tools/bin/../lib/gcc/arm-none-eabi/10.3.1/../../../../arm-none-eabi/lib/thumb/v7e-m+dp/hard\libc_nano.a(lib_a-wsetup.o)
                0x000000000800e54c                __swsetup_r
 .text._close_r
                0x000000000800e628       0x20 d:/app/st/stm32cubeide/stm32cubeide/plugins/com.st.stm32cube.ide.mcu.externaltools.gnu-tools-for-stm32.10.3-2021.10.win32_1.0.0.202111181127/tools/bin/../lib/gcc/arm-none-eabi/10.3.1/../../../../arm-none-eabi/lib/thumb/v7e-m+dp/hard\libc_nano.a(lib_a-closer.o)
                0x000000000800e628                _close_r
 .text.__sflush_r
                0x000000000800e648      0x10c d:/app/st/stm32cubeide/stm32cubeide/plugins/com.st.stm32cube.ide.mcu.externaltools.gnu-tools-for-stm32.10.3-2021.10.win32_1.0.0.202111181127/tools/bin/../lib/gcc/arm-none-eabi/10.3.1/../../../../arm-none-eabi/lib/thumb/v7e-m+dp/hard\libc_nano.a(lib_a-fflush.o)
                0x000000000800e648                __sflush_r
 .text._fflush_r
                0x000000000800e754       0x78 d:/app/st/stm32cubeide/stm32cubeide/plugins/com.st.stm32cube.ide.mcu.externaltools.gnu-tools-for-stm32.10.3-2021.10.win32_1.0.0.202111181127/tools/bin/../lib/gcc/arm-none-eabi/10.3.1/../../../../arm-none-eabi/lib/thumb/v7e-m+dp/hard\libc_nano.a(lib_a-fflush.o)
                0x000000000800e754                _fflush_r
 .text._lseek_r
                0x000000000800e7cc       0x24 d:/app/st/stm32cubeide/stm32cubeide/plugins/com.st.stm32cube.ide.mcu.externaltools.gnu-tools-for-stm32.10.3-2021.10.win32_1.0.0.202111181127/tools/bin/../lib/gcc/arm-none-eabi/10.3.1/../../../../arm-none-eabi/lib/thumb/v7e-m+dp/hard\libc_nano.a(lib_a-lseekr.o)
                0x000000000800e7cc                _lseek_r
 .text.__swhatbuf_r
                0x000000000800e7f0       0x4a d:/app/st/stm32cubeide/stm32cubeide/plugins/com.st.stm32cube.ide.mcu.externaltools.gnu-tools-for-stm32.10.3-2021.10.win32_1.0.0.202111181127/tools/bin/../lib/gcc/arm-none-eabi/10.3.1/../../../../arm-none-eabi/lib/thumb/v7e-m+dp/hard\libc_nano.a(lib_a-makebuf.o)
                0x000000000800e7f0                __swhatbuf_r
 *fill*         0x000000000800e83a        0x2 
 .text.__smakebuf_r
                0x000000000800e83c       0x80 d:/app/st/stm32cubeide/stm32cubeide/plugins/com.st.stm32cube.ide.mcu.externaltools.gnu-tools-for-stm32.10.3-2021.10.win32_1.0.0.202111181127/tools/bin/../lib/gcc/arm-none-eabi/10.3.1/../../../../arm-none-eabi/lib/thumb/v7e-m+dp/hard\libc_nano.a(lib_a-makebuf.o)
                0x000000000800e83c                __smakebuf_r
 .text.memcpy   0x000000000800e8bc       0x1c d:/app/st/stm32cubeide/stm32cubeide/plugins/com.st.stm32cube.ide.mcu.externaltools.gnu-tools-for-stm32.10.3-2021.10.win32_1.0.0.202111181127/tools/bin/../lib/gcc/arm-none-eabi/10.3.1/../../../../arm-none-eabi/lib/thumb/v7e-m+dp/hard\libc_nano.a(lib_a-memcpy-stub.o)
                0x000000000800e8bc                memcpy
 .text.memmove  0x000000000800e8d8       0x34 d:/app/st/stm32cubeide/stm32cubeide/plugins/com.st.stm32cube.ide.mcu.externaltools.gnu-tools-for-stm32.10.3-2021.10.win32_1.0.0.202111181127/tools/bin/../lib/gcc/arm-none-eabi/10.3.1/../../../../arm-none-eabi/lib/thumb/v7e-m+dp/hard\libc_nano.a(lib_a-memmove.o)
                0x000000000800e8d8                memmove
 .text.__malloc_lock
                0x000000000800e90c        0xc d:/app/st/stm32cubeide/stm32cubeide/plugins/com.st.stm32cube.ide.mcu.externaltools.gnu-tools-for-stm32.10.3-2021.10.win32_1.0.0.202111181127/tools/bin/../lib/gcc/arm-none-eabi/10.3.1/../../../../arm-none-eabi/lib/thumb/v7e-m+dp/hard\libc_nano.a(lib_a-mlock.o)
                0x000000000800e90c                __malloc_lock
 .text.__malloc_unlock
                0x000000000800e918        0xc d:/app/st/stm32cubeide/stm32cubeide/plugins/com.st.stm32cube.ide.mcu.externaltools.gnu-tools-for-stm32.10.3-2021.10.win32_1.0.0.202111181127/tools/bin/../lib/gcc/arm-none-eabi/10.3.1/../../../../arm-none-eabi/lib/thumb/v7e-m+dp/hard\libc_nano.a(lib_a-mlock.o)
                0x000000000800e918                __malloc_unlock
 .text._free_r  0x000000000800e924       0x98 d:/app/st/stm32cubeide/stm32cubeide/plugins/com.st.stm32cube.ide.mcu.externaltools.gnu-tools-for-stm32.10.3-2021.10.win32_1.0.0.202111181127/tools/bin/../lib/gcc/arm-none-eabi/10.3.1/../../../../arm-none-eabi/lib/thumb/v7e-m+dp/hard\libc_nano.a(lib_a-nano-freer.o)
                0x000000000800e924                _free_r
 .text._realloc_r
                0x000000000800e9bc       0x5e d:/app/st/stm32cubeide/stm32cubeide/plugins/com.st.stm32cube.ide.mcu.externaltools.gnu-tools-for-stm32.10.3-2021.10.win32_1.0.0.202111181127/tools/bin/../lib/gcc/arm-none-eabi/10.3.1/../../../../arm-none-eabi/lib/thumb/v7e-m+dp/hard\libc_nano.a(lib_a-nano-reallocr.o)
                0x000000000800e9bc                _realloc_r
 *fill*         0x000000000800ea1a        0x2 
 .text._read_r  0x000000000800ea1c       0x24 d:/app/st/stm32cubeide/stm32cubeide/plugins/com.st.stm32cube.ide.mcu.externaltools.gnu-tools-for-stm32.10.3-2021.10.win32_1.0.0.202111181127/tools/bin/../lib/gcc/arm-none-eabi/10.3.1/../../../../arm-none-eabi/lib/thumb/v7e-m+dp/hard\libc_nano.a(lib_a-readr.o)
                0x000000000800ea1c                _read_r
 .text._fstat_r
                0x000000000800ea40       0x24 d:/app/st/stm32cubeide/stm32cubeide/plugins/com.st.stm32cube.ide.mcu.externaltools.gnu-tools-for-stm32.10.3-2021.10.win32_1.0.0.202111181127/tools/bin/../lib/gcc/arm-none-eabi/10.3.1/../../../../arm-none-eabi/lib/thumb/v7e-m+dp/hard\libc_nano.a(lib_a-fstatr.o)
                0x000000000800ea40                _fstat_r
 .text._isatty_r
                0x000000000800ea64       0x20 d:/app/st/stm32cubeide/stm32cubeide/plugins/com.st.stm32cube.ide.mcu.externaltools.gnu-tools-for-stm32.10.3-2021.10.win32_1.0.0.202111181127/tools/bin/../lib/gcc/arm-none-eabi/10.3.1/../../../../arm-none-eabi/lib/thumb/v7e-m+dp/hard\libc_nano.a(lib_a-isattyr.o)
                0x000000000800ea64                _isatty_r
 .text._malloc_usable_size_r
                0x000000000800ea84       0x10 d:/app/st/stm32cubeide/stm32cubeide/plugins/com.st.stm32cube.ide.mcu.externaltools.gnu-tools-for-stm32.10.3-2021.10.win32_1.0.0.202111181127/tools/bin/../lib/gcc/arm-none-eabi/10.3.1/../../../../arm-none-eabi/lib/thumb/v7e-m+dp/hard\libc_nano.a(lib_a-nano-msizer.o)
                0x000000000800ea84                _malloc_usable_size_r
 *(.glue_7)
 .glue_7        0x000000000800ea94        0x0 linker stubs
 *(.glue_7t)
 .glue_7t       0x000000000800ea94        0x0 linker stubs
 *(.eh_frame)
 .eh_frame      0x000000000800ea94        0x0 d:/app/st/stm32cubeide/stm32cubeide/plugins/com.st.stm32cube.ide.mcu.externaltools.gnu-tools-for-stm32.10.3-2021.10.win32_1.0.0.202111181127/tools/bin/../lib/gcc/arm-none-eabi/10.3.1/thumb/v7e-m+dp/hard/crtbegin.o
 *(.init)
 .init          0x000000000800ea94        0x4 d:/app/st/stm32cubeide/stm32cubeide/plugins/com.st.stm32cube.ide.mcu.externaltools.gnu-tools-for-stm32.10.3-2021.10.win32_1.0.0.202111181127/tools/bin/../lib/gcc/arm-none-eabi/10.3.1/thumb/v7e-m+dp/hard/crti.o
                0x000000000800ea94                _init
 .init          0x000000000800ea98        0x8 d:/app/st/stm32cubeide/stm32cubeide/plugins/com.st.stm32cube.ide.mcu.externaltools.gnu-tools-for-stm32.10.3-2021.10.win32_1.0.0.202111181127/tools/bin/../lib/gcc/arm-none-eabi/10.3.1/thumb/v7e-m+dp/hard/crtn.o
 *(.fini)
 .fini          0x000000000800eaa0        0x4 d:/app/st/stm32cubeide/stm32cubeide/plugins/com.st.stm32cube.ide.mcu.externaltools.gnu-tools-for-stm32.10.3-2021.10.win32_1.0.0.202111181127/tools/bin/../lib/gcc/arm-none-eabi/10.3.1/thumb/v7e-m+dp/hard/crti.o
                0x000000000800eaa0                _fini
 .fini          0x000000000800eaa4        0x8 d:/app/st/stm32cubeide/stm32cubeide/plugins/com.st.stm32cube.ide.mcu.externaltools.gnu-tools-for-stm32.10.3-2021.10.win32_1.0.0.202111181127/tools/bin/../lib/gcc/arm-none-eabi/10.3.1/thumb/v7e-m+dp/hard/crtn.o
                0x000000000800eaac                . = ALIGN (0x4)
                0x000000000800eaac                _etext = .

.vfp11_veneer   0x000000000800eaac        0x0
 .vfp11_veneer  0x000000000800eaac        0x0 linker stubs

.v4_bx          0x000000000800eaac        0x0
 .v4_bx         0x000000000800eaac        0x0 linker stubs

.iplt           0x000000000800eaac        0x0
 .iplt          0x000000000800eaac        0x0 d:/app/st/stm32cubeide/stm32cubeide/plugins/com.st.stm32cube.ide.mcu.externaltools.gnu-tools-for-stm32.10.3-2021.10.win32_1.0.0.202111181127/tools/bin/../lib/gcc/arm-none-eabi/10.3.1/thumb/v7e-m+dp/hard/crtbegin.o

.rodata         0x000000000800eaac     0x6fb4
                0x000000000800eaac                . = ALIGN (0x4)
 *(.rodata)
 .rodata        0x000000000800eaac        0xc ./Core/Src/main.o
 .rodata        0x000000000800eab8       0x1f ./Drivers/LCD_ST7735/Src/lcd.o
 *(.rodata*)
 *fill*         0x000000000800ead7        0x1 
 .rodata.D1CorePrescTable
                0x000000000800ead8       0x10 ./Core/Src/system_stm32h7xx.o
                0x000000000800ead8                D1CorePrescTable
 .rodata.asc2_1206
                0x000000000800eae8      0x474 ./Drivers/LCD_ST7735/Src/lcd.o
                0x000000000800eae8                asc2_1206
 .rodata.asc2_1608
                0x000000000800ef5c      0x5f0 ./Drivers/LCD_ST7735/Src/lcd.o
                0x000000000800ef5c                asc2_1608
 .rodata.WeActStudiologo_160_80
                0x000000000800f54c     0x6449 ./Drivers/LCD_ST7735/Src/logo_160_80.o
                0x000000000800f54c                WeActStudiologo_160_80
 *fill*         0x0000000008015995        0x3 
 .rodata.flagBitshiftOffset.0
                0x0000000008015998        0x8 ./Drivers/STM32H7xx_HAL_Driver/Src/stm32h7xx_hal_dma.o
 .rodata.UARTPrescTable
                0x00000000080159a0       0x18 ./Drivers/STM32H7xx_HAL_Driver/Src/stm32h7xx_hal_uart.o
                0x00000000080159a0                UARTPrescTable
 .rodata.numerator.1
                0x00000000080159b8        0x8 ./Drivers/STM32H7xx_HAL_Driver/Src/stm32h7xx_hal_uart_ex.o
 .rodata.denominator.0
                0x00000000080159c0        0x8 ./Drivers/STM32H7xx_HAL_Driver/Src/stm32h7xx_hal_uart_ex.o
 .rodata._global_impure_ptr
                0x00000000080159c8        0x4 d:/app/st/stm32cubeide/stm32cubeide/plugins/com.st.stm32cube.ide.mcu.externaltools.gnu-tools-for-stm32.10.3-2021.10.win32_1.0.0.202111181127/tools/bin/../lib/gcc/arm-none-eabi/10.3.1/../../../../arm-none-eabi/lib/thumb/v7e-m+dp/hard\libc_nano.a(lib_a-impure.o)
                0x00000000080159c8                _global_impure_ptr
 .rodata.__sf_fake_stderr
                0x00000000080159cc       0x20 d:/app/st/stm32cubeide/stm32cubeide/plugins/com.st.stm32cube.ide.mcu.externaltools.gnu-tools-for-stm32.10.3-2021.10.win32_1.0.0.202111181127/tools/bin/../lib/gcc/arm-none-eabi/10.3.1/../../../../arm-none-eabi/lib/thumb/v7e-m+dp/hard\libc_nano.a(lib_a-findfp.o)
                0x00000000080159cc                __sf_fake_stderr
 .rodata.__sf_fake_stdin
                0x00000000080159ec       0x20 d:/app/st/stm32cubeide/stm32cubeide/plugins/com.st.stm32cube.ide.mcu.externaltools.gnu-tools-for-stm32.10.3-2021.10.win32_1.0.0.202111181127/tools/bin/../lib/gcc/arm-none-eabi/10.3.1/../../../../arm-none-eabi/lib/thumb/v7e-m+dp/hard\libc_nano.a(lib_a-findfp.o)
                0x00000000080159ec                __sf_fake_stdin
 .rodata.__sf_fake_stdout
                0x0000000008015a0c       0x20 d:/app/st/stm32cubeide/stm32cubeide/plugins/com.st.stm32cube.ide.mcu.externaltools.gnu-tools-for-stm32.10.3-2021.10.win32_1.0.0.202111181127/tools/bin/../lib/gcc/arm-none-eabi/10.3.1/../../../../arm-none-eabi/lib/thumb/v7e-m+dp/hard\libc_nano.a(lib_a-findfp.o)
                0x0000000008015a0c                __sf_fake_stdout
 .rodata._svfprintf_r.str1.1
                0x0000000008015a2c       0x11 d:/app/st/stm32cubeide/stm32cubeide/plugins/com.st.stm32cube.ide.mcu.externaltools.gnu-tools-for-stm32.10.3-2021.10.win32_1.0.0.202111181127/tools/bin/../lib/gcc/arm-none-eabi/10.3.1/../../../../arm-none-eabi/lib/thumb/v7e-m+dp/hard\libc_nano.a(lib_a-nano-svfprintf.o)
 .rodata._vfprintf_r.str1.1
                0x0000000008015a3d       0x11 d:/app/st/stm32cubeide/stm32cubeide/plugins/com.st.stm32cube.ide.mcu.externaltools.gnu-tools-for-stm32.10.3-2021.10.win32_1.0.0.202111181127/tools/bin/../lib/gcc/arm-none-eabi/10.3.1/../../../../arm-none-eabi/lib/thumb/v7e-m+dp/hard\libc_nano.a(lib_a-nano-vfprintf.o)
 .rodata._printf_i.str1.1
                0x0000000008015a3d       0x22 d:/app/st/stm32cubeide/stm32cubeide/plugins/com.st.stm32cube.ide.mcu.externaltools.gnu-tools-for-stm32.10.3-2021.10.win32_1.0.0.202111181127/tools/bin/../lib/gcc/arm-none-eabi/10.3.1/../../../../arm-none-eabi/lib/thumb/v7e-m+dp/hard\libc_nano.a(lib_a-nano-vfprintf_i.o)
                0x0000000008015a60                . = ALIGN (0x4)
 *fill*         0x0000000008015a5f        0x1 

.ARM.extab
 *(.ARM.extab* .gnu.linkonce.armextab.*)

.ARM            0x0000000008015a60        0x8
                0x0000000008015a60                __exidx_start = .
 *(.ARM.exidx*)
 .ARM.exidx     0x0000000008015a60        0x8 d:/app/st/stm32cubeide/stm32cubeide/plugins/com.st.stm32cube.ide.mcu.externaltools.gnu-tools-for-stm32.10.3-2021.10.win32_1.0.0.202111181127/tools/bin/../lib/gcc/arm-none-eabi/10.3.1/thumb/v7e-m+dp/hard\libgcc.a(_udivmoddi4.o)
                0x0000000008015a68                __exidx_end = .

.rel.dyn        0x0000000008015a68        0x0
 .rel.iplt      0x0000000008015a68        0x0 d:/app/st/stm32cubeide/stm32cubeide/plugins/com.st.stm32cube.ide.mcu.externaltools.gnu-tools-for-stm32.10.3-2021.10.win32_1.0.0.202111181127/tools/bin/../lib/gcc/arm-none-eabi/10.3.1/thumb/v7e-m+dp/hard/crtbegin.o

.preinit_array  0x0000000008015a68        0x0
                0x0000000008015a68                PROVIDE (__preinit_array_start = .)
 *(.preinit_array*)
                0x0000000008015a68                PROVIDE (__preinit_array_end = .)

.init_array     0x0000000008015a68        0x4
                0x0000000008015a68                PROVIDE (__init_array_start = .)
 *(SORT_BY_NAME(.init_array.*))
 *(.init_array*)
 .init_array    0x0000000008015a68        0x4 d:/app/st/stm32cubeide/stm32cubeide/plugins/com.st.stm32cube.ide.mcu.externaltools.gnu-tools-for-stm32.10.3-2021.10.win32_1.0.0.202111181127/tools/bin/../lib/gcc/arm-none-eabi/10.3.1/thumb/v7e-m+dp/hard/crtbegin.o
                0x0000000008015a6c                PROVIDE (__init_array_end = .)

.fini_array     0x0000000008015a6c        0x4
                [!provide]                        PROVIDE (__fini_array_start = .)
 *(SORT_BY_NAME(.fini_array.*))
 *(.fini_array*)
 .fini_array    0x0000000008015a6c        0x4 d:/app/st/stm32cubeide/stm32cubeide/plugins/com.st.stm32cube.ide.mcu.externaltools.gnu-tools-for-stm32.10.3-2021.10.win32_1.0.0.202111181127/tools/bin/../lib/gcc/arm-none-eabi/10.3.1/thumb/v7e-m+dp/hard/crtbegin.o
                [!provide]                        PROVIDE (__fini_array_end = .)
                0x0000000008015a70                _sidata = LOADADDR (.data)

.data           0x0000000024000000      0x108 load address 0x0000000008015a70
                0x0000000024000000                . = ALIGN (0x4)
                0x0000000024000000                _sdata = .
 *(.data)
 *(.data*)
 .data.Servo    0x0000000024000000        0x4 ./Core/Src/main.o
                0x0000000024000000                Servo
 .data.SystemCoreClock
                0x0000000024000004        0x4 ./Core/Src/system_stm32h7xx.o
                0x0000000024000004                SystemCoreClock
 .data.SystemD2Clock
                0x0000000024000008        0x4 ./Core/Src/system_stm32h7xx.o
                0x0000000024000008                SystemD2Clock
 .data.st7735_pIO
                0x000000002400000c       0x20 ./Drivers/LCD_ST7735/Src/lcd.o
                0x000000002400000c                st7735_pIO
 .data.POINT_COLOR
                0x000000002400002c        0x2 ./Drivers/LCD_ST7735/Src/lcd.o
                0x000000002400002c                POINT_COLOR
 *fill*         0x000000002400002e        0x2 
 .data.ST7735_LCD_Driver
                0x0000000024000030       0x4c ./Drivers/LCD_ST7735/Src/st7735.o
                0x0000000024000030                ST7735_LCD_Driver
 .data.OrientationTab
                0x000000002400007c       0x20 ./Drivers/LCD_ST7735/Src/st7735.o
 .data.uwTickPrio
                0x000000002400009c        0x4 ./Drivers/STM32H7xx_HAL_Driver/Src/stm32h7xx_hal.o
                0x000000002400009c                uwTickPrio
 .data.uwTickFreq
                0x00000000240000a0        0x1 ./Drivers/STM32H7xx_HAL_Driver/Src/stm32h7xx_hal.o
                0x00000000240000a0                uwTickFreq
 *fill*         0x00000000240000a1        0x3 
 .data._impure_ptr
                0x00000000240000a4        0x4 d:/app/st/stm32cubeide/stm32cubeide/plugins/com.st.stm32cube.ide.mcu.externaltools.gnu-tools-for-stm32.10.3-2021.10.win32_1.0.0.202111181127/tools/bin/../lib/gcc/arm-none-eabi/10.3.1/../../../../arm-none-eabi/lib/thumb/v7e-m+dp/hard\libc_nano.a(lib_a-impure.o)
                0x00000000240000a4                _impure_ptr
 .data.impure_data
                0x00000000240000a8       0x60 d:/app/st/stm32cubeide/stm32cubeide/plugins/com.st.stm32cube.ide.mcu.externaltools.gnu-tools-for-stm32.10.3-2021.10.win32_1.0.0.202111181127/tools/bin/../lib/gcc/arm-none-eabi/10.3.1/../../../../arm-none-eabi/lib/thumb/v7e-m+dp/hard\libc_nano.a(lib_a-impure.o)
 *(.RamFunc)
 *(.RamFunc*)
                0x0000000024000108                . = ALIGN (0x4)
                0x0000000024000108                _edata = .

.igot.plt       0x0000000024000108        0x0 load address 0x0000000008015b78
 .igot.plt      0x0000000024000108        0x0 d:/app/st/stm32cubeide/stm32cubeide/plugins/com.st.stm32cube.ide.mcu.externaltools.gnu-tools-for-stm32.10.3-2021.10.win32_1.0.0.202111181127/tools/bin/../lib/gcc/arm-none-eabi/10.3.1/thumb/v7e-m+dp/hard/crtbegin.o
                0x0000000024000108                . = ALIGN (0x4)

.bss            0x0000000024000108      0xcb4 load address 0x0000000008015b78
                0x0000000024000108                _sbss = .
                0x0000000024000108                __bss_start__ = _sbss
 *(.bss)
 .bss           0x0000000024000108       0x1c d:/app/st/stm32cubeide/stm32cubeide/plugins/com.st.stm32cube.ide.mcu.externaltools.gnu-tools-for-stm32.10.3-2021.10.win32_1.0.0.202111181127/tools/bin/../lib/gcc/arm-none-eabi/10.3.1/thumb/v7e-m+dp/hard/crtbegin.o
 *(.bss*)
 .bss.hi2s1     0x0000000024000124       0x54 ./Core/Src/i2s.o
                0x0000000024000124                hi2s1
 .bss.hi2s2     0x0000000024000178       0x54 ./Core/Src/i2s.o
                0x0000000024000178                hi2s2
 .bss.hi2s3     0x00000000240001cc       0x54 ./Core/Src/i2s.o
                0x00000000240001cc                hi2s3
 .bss.hdma_spi1_rx
                0x0000000024000220       0x78 ./Core/Src/i2s.o
                0x0000000024000220                hdma_spi1_rx
 .bss.hdma_spi2_rx
                0x0000000024000298       0x78 ./Core/Src/i2s.o
                0x0000000024000298                hdma_spi2_rx
 .bss.hdma_spi3_rx
                0x0000000024000310       0x78 ./Core/Src/i2s.o
                0x0000000024000310                hdma_spi3_rx
 .bss.hi2s1_Data
                0x0000000024000388        0x8 ./Core/Src/main.o
                0x0000000024000388                hi2s1_Data
 .bss.hi2s2_Data
                0x0000000024000390        0x8 ./Core/Src/main.o
                0x0000000024000390                hi2s2_Data
 .bss.hi2s3_Data
                0x0000000024000398        0x8 ./Core/Src/main.o
                0x0000000024000398                hi2s3_Data
 .bss.hi2s_Data_s
                0x00000000240003a0      0x300 ./Core/Src/main.o
                0x00000000240003a0                hi2s_Data_s
 .bss.Times     0x00000000240006a0        0x3 ./Core/Src/main.o
                0x00000000240006a0                Times
 *fill*         0x00000000240006a3        0x1 
 .bss.hspi4     0x00000000240006a4       0x88 ./Core/Src/spi.o
                0x00000000240006a4                hspi4
 .bss.__sbrk_heap_end
                0x000000002400072c        0x4 ./Core/Src/sysmem.o
 .bss.htim1     0x0000000024000730       0x4c ./Core/Src/tim.o
                0x0000000024000730                htim1
 .bss.htim3     0x000000002400077c       0x4c ./Core/Src/tim.o
                0x000000002400077c                htim3
 .bss.huart4    0x00000000240007c8       0x90 ./Core/Src/usart.o
                0x00000000240007c8                huart4
 .bss.st7735_pObj
                0x0000000024000858       0x38 ./Drivers/LCD_ST7735/Src/lcd.o
                0x0000000024000858                st7735_pObj
 .bss.st7735_id
                0x0000000024000890        0x4 ./Drivers/LCD_ST7735/Src/lcd.o
                0x0000000024000890                st7735_id
 .bss.BACK_COLOR
                0x0000000024000894        0x2 ./Drivers/LCD_ST7735/Src/lcd.o
                0x0000000024000894                BACK_COLOR
 *fill*         0x0000000024000896        0x2 
 .bss.ST7735Ctx
                0x0000000024000898       0x10 ./Drivers/LCD_ST7735/Src/st7735.o
                0x0000000024000898                ST7735Ctx
 .bss.pdata.1   0x00000000240008a8      0x280 ./Drivers/LCD_ST7735/Src/st7735.o
 .bss.pdata.0   0x0000000024000b28      0x280 ./Drivers/LCD_ST7735/Src/st7735.o
 .bss.uwTick    0x0000000024000da8        0x4 ./Drivers/STM32H7xx_HAL_Driver/Src/stm32h7xx_hal.o
                0x0000000024000da8                uwTick
 .bss.__lock___malloc_recursive_mutex
                0x0000000024000dac        0x1 d:/app/st/stm32cubeide/stm32cubeide/plugins/com.st.stm32cube.ide.mcu.externaltools.gnu-tools-for-stm32.10.3-2021.10.win32_1.0.0.202111181127/tools/bin/../lib/gcc/arm-none-eabi/10.3.1/../../../../arm-none-eabi/lib/thumb/v7e-m+dp/hard\libc_nano.a(lib_a-lock.o)
                0x0000000024000dac                __lock___malloc_recursive_mutex
 .bss.__lock___sfp_recursive_mutex
                0x0000000024000dad        0x1 d:/app/st/stm32cubeide/stm32cubeide/plugins/com.st.stm32cube.ide.mcu.externaltools.gnu-tools-for-stm32.10.3-2021.10.win32_1.0.0.202111181127/tools/bin/../lib/gcc/arm-none-eabi/10.3.1/../../../../arm-none-eabi/lib/thumb/v7e-m+dp/hard\libc_nano.a(lib_a-lock.o)
                0x0000000024000dad                __lock___sfp_recursive_mutex
 .bss.__lock___sinit_recursive_mutex
                0x0000000024000dae        0x1 d:/app/st/stm32cubeide/stm32cubeide/plugins/com.st.stm32cube.ide.mcu.externaltools.gnu-tools-for-stm32.10.3-2021.10.win32_1.0.0.202111181127/tools/bin/../lib/gcc/arm-none-eabi/10.3.1/../../../../arm-none-eabi/lib/thumb/v7e-m+dp/hard\libc_nano.a(lib_a-lock.o)
                0x0000000024000dae                __lock___sinit_recursive_mutex
 *fill*         0x0000000024000daf        0x1 
 .bss.__malloc_free_list
                0x0000000024000db0        0x4 d:/app/st/stm32cubeide/stm32cubeide/plugins/com.st.stm32cube.ide.mcu.externaltools.gnu-tools-for-stm32.10.3-2021.10.win32_1.0.0.202111181127/tools/bin/../lib/gcc/arm-none-eabi/10.3.1/../../../../arm-none-eabi/lib/thumb/v7e-m+dp/hard\libc_nano.a(lib_a-nano-mallocr.o)
                0x0000000024000db0                __malloc_free_list
 .bss.__malloc_sbrk_start
                0x0000000024000db4        0x4 d:/app/st/stm32cubeide/stm32cubeide/plugins/com.st.stm32cube.ide.mcu.externaltools.gnu-tools-for-stm32.10.3-2021.10.win32_1.0.0.202111181127/tools/bin/../lib/gcc/arm-none-eabi/10.3.1/../../../../arm-none-eabi/lib/thumb/v7e-m+dp/hard\libc_nano.a(lib_a-nano-mallocr.o)
                0x0000000024000db4                __malloc_sbrk_start
 .bss.errno     0x0000000024000db8        0x4 d:/app/st/stm32cubeide/stm32cubeide/plugins/com.st.stm32cube.ide.mcu.externaltools.gnu-tools-for-stm32.10.3-2021.10.win32_1.0.0.202111181127/tools/bin/../lib/gcc/arm-none-eabi/10.3.1/../../../../arm-none-eabi/lib/thumb/v7e-m+dp/hard\libc_nano.a(lib_a-reent.o)
                0x0000000024000db8                errno
 *(COMMON)
                0x0000000024000dbc                . = ALIGN (0x4)
                0x0000000024000dbc                _ebss = .
                0x0000000024000dbc                __bss_end__ = _ebss

._user_heap_stack
                0x0000000024000dbc      0x604 load address 0x0000000008015b78
                0x0000000024000dc0                . = ALIGN (0x8)
 *fill*         0x0000000024000dbc        0x4 
                [!provide]                        PROVIDE (end = .)
                0x0000000024000dc0                PROVIDE (_end = .)
                0x0000000024000fc0                . = (. + _Min_Heap_Size)
 *fill*         0x0000000024000dc0      0x200 
                0x00000000240013c0                . = (. + _Min_Stack_Size)
 *fill*         0x0000000024000fc0      0x400 
                0x00000000240013c0                . = ALIGN (0x8)

/DISCARD/
 libc.a(*)
 libm.a(*)
 libgcc.a(*)

.ARM.attributes
                0x0000000000000000       0x2e
 *(.ARM.attributes)
 .ARM.attributes
                0x0000000000000000       0x1e d:/app/st/stm32cubeide/stm32cubeide/plugins/com.st.stm32cube.ide.mcu.externaltools.gnu-tools-for-stm32.10.3-2021.10.win32_1.0.0.202111181127/tools/bin/../lib/gcc/arm-none-eabi/10.3.1/thumb/v7e-m+dp/hard/crti.o
 .ARM.attributes
                0x000000000000001e       0x32 d:/app/st/stm32cubeide/stm32cubeide/plugins/com.st.stm32cube.ide.mcu.externaltools.gnu-tools-for-stm32.10.3-2021.10.win32_1.0.0.202111181127/tools/bin/../lib/gcc/arm-none-eabi/10.3.1/thumb/v7e-m+dp/hard/crtbegin.o
 .ARM.attributes
                0x0000000000000050       0x32 ./Core/Src/dma.o
 .ARM.attributes
                0x0000000000000082       0x32 ./Core/Src/gpio.o
 .ARM.attributes
                0x00000000000000b4       0x32 ./Core/Src/i2s.o
 .ARM.attributes
                0x00000000000000e6       0x32 ./Core/Src/main.o
 .ARM.attributes
                0x0000000000000118       0x32 ./Core/Src/spi.o
 .ARM.attributes
                0x000000000000014a       0x32 ./Core/Src/stm32h7xx_hal_msp.o
 .ARM.attributes
                0x000000000000017c       0x32 ./Core/Src/stm32h7xx_it.o
 .ARM.attributes
                0x00000000000001ae       0x32 ./Core/Src/syscalls.o
 .ARM.attributes
                0x00000000000001e0       0x32 ./Core/Src/sysmem.o
 .ARM.attributes
                0x0000000000000212       0x32 ./Core/Src/system_stm32h7xx.o
 .ARM.attributes
                0x0000000000000244       0x32 ./Core/Src/tim.o
 .ARM.attributes
                0x0000000000000276       0x32 ./Core/Src/usart.o
 .ARM.attributes
                0x00000000000002a8       0x21 ./Core/Startup/startup_stm32h750vbtx.o
 .ARM.attributes
                0x00000000000002c9       0x32 ./Drivers/LCD_ST7735/Src/lcd.o
 .ARM.attributes
                0x00000000000002fb       0x32 ./Drivers/LCD_ST7735/Src/logo_160_80.o
 .ARM.attributes
                0x000000000000032d       0x32 ./Drivers/LCD_ST7735/Src/st7735.o
 .ARM.attributes
                0x000000000000035f       0x32 ./Drivers/LCD_ST7735/Src/st7735_reg.o
 .ARM.attributes
                0x0000000000000391       0x32 ./Drivers/STM32H7xx_HAL_Driver/Src/stm32h7xx_hal.o
 .ARM.attributes
                0x00000000000003c3       0x32 ./Drivers/STM32H7xx_HAL_Driver/Src/stm32h7xx_hal_cortex.o
 .ARM.attributes
                0x00000000000003f5       0x32 ./Drivers/STM32H7xx_HAL_Driver/Src/stm32h7xx_hal_dma.o
 .ARM.attributes
                0x0000000000000427       0x32 ./Drivers/STM32H7xx_HAL_Driver/Src/stm32h7xx_hal_gpio.o
 .ARM.attributes
                0x0000000000000459       0x32 ./Drivers/STM32H7xx_HAL_Driver/Src/stm32h7xx_hal_i2s.o
 .ARM.attributes
                0x000000000000048b       0x32 ./Drivers/STM32H7xx_HAL_Driver/Src/stm32h7xx_hal_pwr_ex.o
 .ARM.attributes
                0x00000000000004bd       0x32 ./Drivers/STM32H7xx_HAL_Driver/Src/stm32h7xx_hal_rcc.o
 .ARM.attributes
                0x00000000000004ef       0x32 ./Drivers/STM32H7xx_HAL_Driver/Src/stm32h7xx_hal_rcc_ex.o
 .ARM.attributes
                0x0000000000000521       0x32 ./Drivers/STM32H7xx_HAL_Driver/Src/stm32h7xx_hal_spi.o
 .ARM.attributes
                0x0000000000000553       0x32 ./Drivers/STM32H7xx_HAL_Driver/Src/stm32h7xx_hal_tim.o
 .ARM.attributes
                0x0000000000000585       0x32 ./Drivers/STM32H7xx_HAL_Driver/Src/stm32h7xx_hal_tim_ex.o
 .ARM.attributes
                0x00000000000005b7       0x32 ./Drivers/STM32H7xx_HAL_Driver/Src/stm32h7xx_hal_uart.o
 .ARM.attributes
                0x00000000000005e9       0x32 ./Drivers/STM32H7xx_HAL_Driver/Src/stm32h7xx_hal_uart_ex.o
 .ARM.attributes
                0x000000000000061b       0x32 d:/app/st/stm32cubeide/stm32cubeide/plugins/com.st.stm32cube.ide.mcu.externaltools.gnu-tools-for-stm32.10.3-2021.10.win32_1.0.0.202111181127/tools/bin/../lib/gcc/arm-none-eabi/10.3.1/../../../../arm-none-eabi/lib/thumb/v7e-m+dp/hard\libc_nano.a(lib_a-errno.o)
 .ARM.attributes
                0x000000000000064d       0x32 d:/app/st/stm32cubeide/stm32cubeide/plugins/com.st.stm32cube.ide.mcu.externaltools.gnu-tools-for-stm32.10.3-2021.10.win32_1.0.0.202111181127/tools/bin/../lib/gcc/arm-none-eabi/10.3.1/../../../../arm-none-eabi/lib/thumb/v7e-m+dp/hard\libc_nano.a(lib_a-impure.o)
 .ARM.attributes
                0x000000000000067f       0x32 d:/app/st/stm32cubeide/stm32cubeide/plugins/com.st.stm32cube.ide.mcu.externaltools.gnu-tools-for-stm32.10.3-2021.10.win32_1.0.0.202111181127/tools/bin/../lib/gcc/arm-none-eabi/10.3.1/../../../../arm-none-eabi/lib/thumb/v7e-m+dp/hard\libc_nano.a(lib_a-init.o)
 .ARM.attributes
                0x00000000000006b1       0x32 d:/app/st/stm32cubeide/stm32cubeide/plugins/com.st.stm32cube.ide.mcu.externaltools.gnu-tools-for-stm32.10.3-2021.10.win32_1.0.0.202111181127/tools/bin/../lib/gcc/arm-none-eabi/10.3.1/../../../../arm-none-eabi/lib/thumb/v7e-m+dp/hard\libc_nano.a(lib_a-memset.o)
 .ARM.attributes
                0x00000000000006e3       0x32 d:/app/st/stm32cubeide/stm32cubeide/plugins/com.st.stm32cube.ide.mcu.externaltools.gnu-tools-for-stm32.10.3-2021.10.win32_1.0.0.202111181127/tools/bin/../lib/gcc/arm-none-eabi/10.3.1/../../../../arm-none-eabi/lib/thumb/v7e-m+dp/hard\libc_nano.a(lib_a-printf.o)
 .ARM.attributes
                0x0000000000000715       0x32 d:/app/st/stm32cubeide/stm32cubeide/plugins/com.st.stm32cube.ide.mcu.externaltools.gnu-tools-for-stm32.10.3-2021.10.win32_1.0.0.202111181127/tools/bin/../lib/gcc/arm-none-eabi/10.3.1/../../../../arm-none-eabi/lib/thumb/v7e-m+dp/hard\libc_nano.a(lib_a-sprintf.o)
 .ARM.attributes
                0x0000000000000747       0x32 d:/app/st/stm32cubeide/stm32cubeide/plugins/com.st.stm32cube.ide.mcu.externaltools.gnu-tools-for-stm32.10.3-2021.10.win32_1.0.0.202111181127/tools/bin/../lib/gcc/arm-none-eabi/10.3.1/../../../../arm-none-eabi/lib/thumb/v7e-m+dp/hard\libc_nano.a(lib_a-findfp.o)
 .ARM.attributes
                0x0000000000000779       0x32 d:/app/st/stm32cubeide/stm32cubeide/plugins/com.st.stm32cube.ide.mcu.externaltools.gnu-tools-for-stm32.10.3-2021.10.win32_1.0.0.202111181127/tools/bin/../lib/gcc/arm-none-eabi/10.3.1/../../../../arm-none-eabi/lib/thumb/v7e-m+dp/hard\libc_nano.a(lib_a-fwalk.o)
 .ARM.attributes
                0x00000000000007ab       0x32 d:/app/st/stm32cubeide/stm32cubeide/plugins/com.st.stm32cube.ide.mcu.externaltools.gnu-tools-for-stm32.10.3-2021.10.win32_1.0.0.202111181127/tools/bin/../lib/gcc/arm-none-eabi/10.3.1/../../../../arm-none-eabi/lib/thumb/v7e-m+dp/hard\libc_nano.a(lib_a-lock.o)
 .ARM.attributes
                0x00000000000007dd       0x32 d:/app/st/stm32cubeide/stm32cubeide/plugins/com.st.stm32cube.ide.mcu.externaltools.gnu-tools-for-stm32.10.3-2021.10.win32_1.0.0.202111181127/tools/bin/../lib/gcc/arm-none-eabi/10.3.1/../../../../arm-none-eabi/lib/thumb/v7e-m+dp/hard\libc_nano.a(lib_a-nano-mallocr.o)
 .ARM.attributes