../Drivers/LCD_ST7735/Src/lcd.c:46:6:LCD_Test	48	static
../Drivers/LCD_ST7735/Src/lcd.c:107:6:LCD_SetBrightness	16	static
../Drivers/LCD_ST7735/Src/lcd.c:112:10:LCD_GetBrightness	4	static
../Drivers/LCD_ST7735/Src/lcd.c:121:6:LCD_Light	48	static
../Drivers/LCD_ST7735/Src/lcd.c:169:6:LCD_ShowChar	128	dynamic
../Drivers/LCD_ST7735/Src/lcd.c:253:6:LCD_ShowString	40	static
../Drivers/LCD_ST7735/Src/lcd.c:268:16:lcd_init	16	static
../Drivers/LCD_ST7735/Src/lcd.c:275:16:lcd_gettick	8	static
../Drivers/LCD_ST7735/Src/lcd.c:280:16:lcd_writereg	32	static
../Drivers/LCD_ST7735/Src/lcd.c:297:16:lcd_readreg	24	static
../Drivers/LCD_ST7735/Src/lcd.c:314:16:lcd_senddata	24	static
../Drivers/LCD_ST7735/Src/lcd.c:328:16:lcd_recvdata	24	static
