../Drivers/LCD_ST7735/Src/lcd.c:46:6:LCD_Test	48	static
../Drivers/LCD_ST7735/Src/lcd.c:111:6:LCD_SetBrightness	16	static
../Drivers/LCD_ST7735/Src/lcd.c:116:10:LCD_GetBrightness	4	static
../Drivers/LCD_ST7735/Src/lcd.c:125:6:LCD_Light	48	static
../Drivers/LCD_ST7735/Src/lcd.c:173:6:LCD_ShowChar	128	dynamic
../Drivers/LCD_ST7735/Src/lcd.c:257:6:LCD_ShowString	40	static
../Drivers/LCD_ST7735/Src/lcd.c:272:16:lcd_init	16	static
../Drivers/LCD_ST7735/Src/lcd.c:279:16:lcd_gettick	8	static
../Drivers/LCD_ST7735/Src/lcd.c:284:16:lcd_writereg	32	static
../Drivers/LCD_ST7735/Src/lcd.c:301:16:lcd_readreg	24	static
../Drivers/LCD_ST7735/Src/lcd.c:318:16:lcd_senddata	24	static
../Drivers/LCD_ST7735/Src/lcd.c:332:16:lcd_recvdata	24	static
